Archive member included to satisfy reference by file (symbol)

C:/ST/STM32CubeIDE_1.19.0/STM32CubeIDE/plugins/com.st.stm32cube.ide.mcu.externaltools.gnu-tools-for-stm32.13.3.rel1.win32_1.0.0.202411081344/tools/bin/../lib/gcc/arm-none-eabi/13.3.1/../../../../arm-none-eabi/lib/thumb/v7-m/nofp\libc_nano.a(libc_a-exit.o)
                              C:/ST/STM32CubeIDE_1.19.0/STM32CubeIDE/plugins/com.st.stm32cube.ide.mcu.externaltools.gnu-tools-for-stm32.13.3.rel1.win32_1.0.0.202411081344/tools/bin/../lib/gcc/arm-none-eabi/13.3.1/../../../../arm-none-eabi/lib/thumb/v7-m/nofp/crt0.o (exit)
C:/ST/STM32CubeIDE_1.19.0/STM32CubeIDE/plugins/com.st.stm32cube.ide.mcu.externaltools.gnu-tools-for-stm32.13.3.rel1.win32_1.0.0.202411081344/tools/bin/../lib/gcc/arm-none-eabi/13.3.1/../../../../arm-none-eabi/lib/thumb/v7-m/nofp\libc_nano.a(libc_a-malloc.o)
                              ./Core/Src/cJSON.o (malloc)
C:/ST/STM32CubeIDE_1.19.0/STM32CubeIDE/plugins/com.st.stm32cube.ide.mcu.externaltools.gnu-tools-for-stm32.13.3.rel1.win32_1.0.0.202411081344/tools/bin/../lib/gcc/arm-none-eabi/13.3.1/../../../../arm-none-eabi/lib/thumb/v7-m/nofp\libc_nano.a(libc_a-mallocr.o)
                              C:/ST/STM32CubeIDE_1.19.0/STM32CubeIDE/plugins/com.st.stm32cube.ide.mcu.externaltools.gnu-tools-for-stm32.13.3.rel1.win32_1.0.0.202411081344/tools/bin/../lib/gcc/arm-none-eabi/13.3.1/../../../../arm-none-eabi/lib/thumb/v7-m/nofp\libc_nano.a(libc_a-malloc.o) (_malloc_r)
C:/ST/STM32CubeIDE_1.19.0/STM32CubeIDE/plugins/com.st.stm32cube.ide.mcu.externaltools.gnu-tools-for-stm32.13.3.rel1.win32_1.0.0.202411081344/tools/bin/../lib/gcc/arm-none-eabi/13.3.1/../../../../arm-none-eabi/lib/thumb/v7-m/nofp\libc_nano.a(libc_a-mlock.o)
                              C:/ST/STM32CubeIDE_1.19.0/STM32CubeIDE/plugins/com.st.stm32cube.ide.mcu.externaltools.gnu-tools-for-stm32.13.3.rel1.win32_1.0.0.202411081344/tools/bin/../lib/gcc/arm-none-eabi/13.3.1/../../../../arm-none-eabi/lib/thumb/v7-m/nofp\libc_nano.a(libc_a-mallocr.o) (__malloc_lock)
C:/ST/STM32CubeIDE_1.19.0/STM32CubeIDE/plugins/com.st.stm32cube.ide.mcu.externaltools.gnu-tools-for-stm32.13.3.rel1.win32_1.0.0.202411081344/tools/bin/../lib/gcc/arm-none-eabi/13.3.1/../../../../arm-none-eabi/lib/thumb/v7-m/nofp\libc_nano.a(libc_a-realloc.o)
                              ./Core/Src/cJSON.o (realloc)
C:/ST/STM32CubeIDE_1.19.0/STM32CubeIDE/plugins/com.st.stm32cube.ide.mcu.externaltools.gnu-tools-for-stm32.13.3.rel1.win32_1.0.0.202411081344/tools/bin/../lib/gcc/arm-none-eabi/13.3.1/../../../../arm-none-eabi/lib/thumb/v7-m/nofp\libc_nano.a(libc_a-reallocr.o)
                              C:/ST/STM32CubeIDE_1.19.0/STM32CubeIDE/plugins/com.st.stm32cube.ide.mcu.externaltools.gnu-tools-for-stm32.13.3.rel1.win32_1.0.0.202411081344/tools/bin/../lib/gcc/arm-none-eabi/13.3.1/../../../../arm-none-eabi/lib/thumb/v7-m/nofp\libc_nano.a(libc_a-realloc.o) (_realloc_r)
C:/ST/STM32CubeIDE_1.19.0/STM32CubeIDE/plugins/com.st.stm32cube.ide.mcu.externaltools.gnu-tools-for-stm32.13.3.rel1.win32_1.0.0.202411081344/tools/bin/../lib/gcc/arm-none-eabi/13.3.1/../../../../arm-none-eabi/lib/thumb/v7-m/nofp\libc_nano.a(libc_a-strtod.o)
                              ./Core/Src/cJSON.o (strtod)
C:/ST/STM32CubeIDE_1.19.0/STM32CubeIDE/plugins/com.st.stm32cube.ide.mcu.externaltools.gnu-tools-for-stm32.13.3.rel1.win32_1.0.0.202411081344/tools/bin/../lib/gcc/arm-none-eabi/13.3.1/../../../../arm-none-eabi/lib/thumb/v7-m/nofp\libc_nano.a(libc_a-ctype_.o)
                              ./Core/Src/cJSON.o (_ctype_)
C:/ST/STM32CubeIDE_1.19.0/STM32CubeIDE/plugins/com.st.stm32cube.ide.mcu.externaltools.gnu-tools-for-stm32.13.3.rel1.win32_1.0.0.202411081344/tools/bin/../lib/gcc/arm-none-eabi/13.3.1/../../../../arm-none-eabi/lib/thumb/v7-m/nofp\libc_nano.a(libc_a-nano-vfprintf_float.o)
                              (_printf_float)
C:/ST/STM32CubeIDE_1.19.0/STM32CubeIDE/plugins/com.st.stm32cube.ide.mcu.externaltools.gnu-tools-for-stm32.13.3.rel1.win32_1.0.0.202411081344/tools/bin/../lib/gcc/arm-none-eabi/13.3.1/../../../../arm-none-eabi/lib/thumb/v7-m/nofp\libc_nano.a(libc_a-nano-vfprintf_i.o)
                              C:/ST/STM32CubeIDE_1.19.0/STM32CubeIDE/plugins/com.st.stm32cube.ide.mcu.externaltools.gnu-tools-for-stm32.13.3.rel1.win32_1.0.0.202411081344/tools/bin/../lib/gcc/arm-none-eabi/13.3.1/../../../../arm-none-eabi/lib/thumb/v7-m/nofp\libc_nano.a(libc_a-nano-vfprintf_float.o) (_printf_common)
C:/ST/STM32CubeIDE_1.19.0/STM32CubeIDE/plugins/com.st.stm32cube.ide.mcu.externaltools.gnu-tools-for-stm32.13.3.rel1.win32_1.0.0.202411081344/tools/bin/../lib/gcc/arm-none-eabi/13.3.1/../../../../arm-none-eabi/lib/thumb/v7-m/nofp\libc_nano.a(libc_a-findfp.o)
[...]
Memory Configuration

Name             Origin             Length             Attributes
RAM              0x20000000         0x00020000         xrw
FLASH            0x08000000         0x00100000         xr
*default*        0x00000000         0xffffffff

Linker script and memory map

LOAD C:/ST/STM32CubeIDE_1.19.0/STM32CubeIDE/plugins/com.st.stm32cube.ide.mcu.externaltools.gnu-tools-for-stm32.13.3.rel1.win32_1.0.0.202411081344/tools/bin/../lib/gcc/arm-none-eabi/13.3.1/thumb/v7-m/nofp/crti.o
LOAD C:/ST/STM32CubeIDE_1.19.0/STM32CubeIDE/plugins/com.st.stm32cube.ide.mcu.externaltools.gnu-tools-for-stm32.13.3.rel1.win32_1.0.0.202411081344/tools/bin/../lib/gcc/arm-none-eabi/13.3.1/thumb/v7-m/nofp/crtbegin.o
LOAD C:/ST/STM32CubeIDE_1.19.0/STM32CubeIDE/plugins/com.st.stm32cube.ide.mcu.externaltools.gnu-tools-for-stm32.13.3.rel1.win32_1.0.0.202411081344/tools/bin/../lib/gcc/arm-none-eabi/13.3.1/../../../../arm-none-eabi/lib/thumb/v7-m/nofp/crt0.o
LOAD ./Core/Src/adc.o
LOAD ./Core/Src/cJSON.o
LOAD ./Core/Src/freertos.o
LOAD ./Core/Src/gpio.o
LOAD ./Core/Src/interface.o
LOAD ./Core/Src/main.o
LOAD ./Core/Src/sdio.o
LOAD ./Core/Src/spi.o
LOAD ./Core/Src/stm32f2xx_hal_msp.o
LOAD ./Core/Src/stm32f2xx_hal_timebase_tim.o
LOAD ./Core/Src/stm32f2xx_it.o
LOAD ./Core/Src/syscalls.o
LOAD ./Core/Src/sysmem.o
LOAD ./Core/Src/system_stm32f2xx.o
LOAD ./Core/Src/tim.o
LOAD ./Core/Src/usart.o
LOAD ./Core/Src/usb_otg.o
LOAD ./Core/Src/utils.o
LOAD ./Core/Startup/startup_stm32f207zgtx.o
LOAD ./Drivers/STM32F2xx_HAL_Driver/Src/stm32f2xx_hal.o
LOAD ./Drivers/STM32F2xx_HAL_Driver/Src/stm32f2xx_hal_adc.o
LOAD ./Drivers/STM32F2xx_HAL_Driver/Src/stm32f2xx_hal_adc_ex.o
LOAD ./Drivers/STM32F2xx_HAL_Driver/Src/stm32f2xx_hal_cortex.o
LOAD ./Drivers/STM32F2xx_HAL_Driver/Src/stm32f2xx_hal_dma.o
LOAD ./Drivers/STM32F2xx_HAL_Driver/Src/stm32f2xx_hal_dma_ex.o
LOAD ./Drivers/STM32F2xx_HAL_Driver/Src/stm32f2xx_hal_exti.o
LOAD ./Drivers/STM32F2xx_HAL_Driver/Src/stm32f2xx_hal_flash.o
LOAD ./Drivers/STM32F2xx_HAL_Driver/Src/stm32f2xx_hal_flash_ex.o
LOAD ./Drivers/STM32F2xx_HAL_Driver/Src/stm32f2xx_hal_gpio.o
LOAD ./Drivers/STM32F2xx_HAL_Driver/Src/stm32f2xx_hal_mmc.o
LOAD ./Drivers/STM32F2xx_HAL_Driver/Src/stm32f2xx_hal_pcd.o
LOAD ./Drivers/STM32F2xx_HAL_Driver/Src/stm32f2xx_hal_pcd_ex.o
LOAD ./Drivers/STM32F2xx_HAL_Driver/Src/stm32f2xx_hal_pwr.o
LOAD ./Drivers/STM32F2xx_HAL_Driver/Src/stm32f2xx_hal_pwr_ex.o
LOAD ./Drivers/STM32F2xx_HAL_Driver/Src/stm32f2xx_hal_rcc.o
LOAD ./Drivers/STM32F2xx_HAL_Driver/Src/stm32f2xx_hal_rcc_ex.o
LOAD ./Drivers/STM32F2xx_HAL_Driver/Src/stm32f2xx_hal_sd.o
LOAD ./Drivers/STM32F2xx_HAL_Driver/Src/stm32f2xx_hal_spi.o
LOAD ./Drivers/STM32F2xx_HAL_Driver/Src/stm32f2xx_hal_tim.o
LOAD ./Drivers/STM32F2xx_HAL_Driver/Src/stm32f2xx_hal_tim_ex.o
LOAD ./Drivers/STM32F2xx_HAL_Driver/Src/stm32f2xx_hal_uart.o
LOAD ./Drivers/STM32F2xx_HAL_Driver/Src/stm32f2xx_ll_sdmmc.o
LOAD ./Drivers/STM32F2xx_HAL_Driver/Src/stm32f2xx_ll_usb.o
LOAD ./FATFS/App/fatfs.o
LOAD ./FATFS/Target/bsp_driver_sd.o
LOAD ./FATFS/Target/fatfs_platform.o
LOAD ./Middlewares/Third_Party/FatFs/src/diskio.o
LOAD ./Middlewares/Third_Party/FatFs/src/ff.o
LOAD ./Middlewares/Third_Party/FatFs/src/ff_gen_drv.o
LOAD ./Middlewares/Third_Party/FatFs/src/drivers/sd_diskio.o
LOAD ./Middlewares/Third_Party/FatFs/src/option/ccsbcs.o
LOAD ./Middlewares/Third_Party/FatFs/src/option/syscall.o
LOAD ./Middlewares/Third_Party/FreeRTOS/Source/CMSIS_RTOS_V2/cmsis_os2.o
LOAD ./Middlewares/Third_Party/FreeRTOS/Source/croutine.o
LOAD ./Middlewares/Third_Party/FreeRTOS/Source/event_groups.o
LOAD ./Middlewares/Third_Party/FreeRTOS/Source/list.o
LOAD ./Middlewares/Third_Party/FreeRTOS/Source/queue.o
LOAD ./Middlewares/Third_Party/FreeRTOS/Source/stream_buffer.o
LOAD ./Middlewares/Third_Party/FreeRTOS/Source/tasks.o
LOAD ./Middlewares/Third_Party/FreeRTOS/Source/timers.o
LOAD ./Middlewares/Third_Party/FreeRTOS/Source/portable/GCC/ARM_CM3/port.o
LOAD ./Middlewares/Third_Party/FreeRTOS/Source/portable/MemMang/heap_4.o
START GROUP
LOAD C:/ST/STM32CubeIDE_1.19.0/STM32CubeIDE/plugins/com.st.stm32cube.ide.mcu.externaltools.gnu-tools-for-stm32.13.3.rel1.win32_1.0.0.202411081344/tools/bin/../lib/gcc/arm-none-eabi/13.3.1/../../../../arm-none-eabi/lib/thumb/v7-m/nofp\libc_nano.a
LOAD C:/ST/STM32CubeIDE_1.19.0/STM32CubeIDE/plugins/com.st.stm32cube.ide.mcu.externaltools.gnu-tools-for-stm32.13.3.rel1.win32_1.0.0.202411081344/tools/bin/../lib/gcc/arm-none-eabi/13.3.1/../../../../arm-none-eabi/lib/thumb/v7-m/nofp\libm.a
END GROUP
START GROUP
LOAD C:/ST/STM32CubeIDE_1.19.0/STM32CubeIDE/plugins/com.st.stm32cube.ide.mcu.externaltools.gnu-tools-for-stm32.13.3.rel1.win32_1.0.0.202411081344/tools/bin/../lib/gcc/arm-none-eabi/13.3.1/thumb/v7-m/nofp\libgcc.a
LOAD C:/ST/STM32CubeIDE_1.19.0/STM32CubeIDE/plugins/com.st.stm32cube.ide.mcu.externaltools.gnu-tools-for-stm32.13.3.rel1.win32_1.0.0.202411081344/tools/bin/../lib/gcc/arm-none-eabi/13.3.1/../../../../arm-none-eabi/lib/thumb/v7-m/nofp\libc_nano.a
END GROUP
START GROUP
LOAD C:/ST/STM32CubeIDE_1.19.0/STM32CubeIDE/plugins/com.st.stm32cube.ide.mcu.externaltools.gnu-tools-for-stm32.13.3.rel1.win32_1.0.0.202411081344/tools/bin/../lib/gcc/arm-none-eabi/13.3.1/thumb/v7-m/nofp\libgcc.a
LOAD C:/ST/STM32CubeIDE_1.19.0/STM32CubeIDE/plugins/com.st.stm32cube.ide.mcu.externaltools.gnu-tools-for-stm32.13.3.rel1.win32_1.0.0.202411081344/tools/bin/../lib/gcc/arm-none-eabi/13.3.1/../../../../arm-none-eabi/lib/thumb/v7-m/nofp\libc_nano.a
LOAD C:/ST/STM32CubeIDE_1.19.0/STM32CubeIDE/plugins/com.st.stm32cube.ide.mcu.externaltools.gnu-tools-for-stm32.13.3.rel1.win32_1.0.0.202411081344/tools/bin/../lib/gcc/arm-none-eabi/13.3.1/../../../../arm-none-eabi/lib/thumb/v7-m/nofp\libnosys.a
END GROUP
START GROUP
LOAD C:/ST/STM32CubeIDE_1.19.0/STM32CubeIDE/plugins/com.st.stm32cube.ide.mcu.externaltools.gnu-tools-for-stm32.13.3.rel1.win32_1.0.0.202411081344/tools/bin/../lib/gcc/arm-none-eabi/13.3.1/thumb/v7-m/nofp\libgcc.a
LOAD C:/ST/STM32CubeIDE_1.19.0/STM32CubeIDE/plugins/com.st.stm32cube.ide.mcu.externaltools.gnu-tools-for-stm32.13.3.rel1.win32_1.0.0.202411081344/tools/bin/../lib/gcc/arm-none-eabi/13.3.1/../../../../arm-none-eabi/lib/thumb/v7-m/nofp\libc_nano.a
LOAD C:/ST/STM32CubeIDE_1.19.0/STM32CubeIDE/plugins/com.st.stm32cube.ide.mcu.externaltools.gnu-tools-for-stm32.13.3.rel1.win32_1.0.0.202411081344/tools/bin/../lib/gcc/arm-none-eabi/13.3.1/../../../../arm-none-eabi/lib/thumb/v7-m/nofp\libnosys.a
END GROUP
LOAD C:/ST/STM32CubeIDE_1.19.0/STM32CubeIDE/plugins/com.st.stm32cube.ide.mcu.externaltools.gnu-tools-for-stm32.13.3.rel1.win32_1.0.0.202411081344/tools/bin/../lib/gcc/arm-none-eabi/13.3.1/thumb/v7-m/nofp/crtend.o
LOAD C:/ST/STM32CubeIDE_1.19.0/STM32CubeIDE/plugins/com.st.stm32cube.ide.mcu.externaltools.gnu-tools-for-stm32.13.3.rel1.win32_1.0.0.202411081344/tools/bin/../lib/gcc/arm-none-eabi/13.3.1/thumb/v7-m/nofp/crtn.o
                0x20020000                        _estack = (ORIGIN (RAM) + LENGTH (RAM))
                0x00000200                        _Min_Heap_Size = 0x200
                0x00000400                        _Min_Stack_Size = 0x400

.isr_vector     0x08000000      0x184
                0x08000000                        . = ALIGN (0x4)
 *(.isr_vector)
 .isr_vector    0x08000000      0x184 ./Core/Startup/startup_stm32f207zgtx.o
                0x08000000                g_pfnVectors
                0x08000184                        . = ALIGN (0x4)

.text           0x08000190     0xf628
                0x08000190                        . = ALIGN (0x4)
 *(.text)
 .text          0x08000190       0x40 C:/ST/STM32CubeIDE_1.19.0/STM32CubeIDE/plugins/com.st.stm32cube.ide.mcu.externaltools.gnu-tools-for-stm32.13.3.rel1.win32_1.0.0.202411081344/tools/bin/../lib/gcc/arm-none-eabi/13.3.1/thumb/v7-m/nofp/crtbegin.o
 .text          0x080001d0       0x14 C:/ST/STM32CubeIDE_1.19.0/STM32CubeIDE/plugins/com.st.stm32cube.ide.mcu.externaltools.gnu-tools-for-stm32.13.3.rel1.win32_1.0.0.202411081344/tools/bin/../lib/gcc/arm-none-eabi/13.3.1/../../../../arm-none-eabi/lib/thumb/v7-m/nofp\libc_nano.a(libc_a-strcmp.o)
                0x080001d0                strcmp
 .text          0x080001e4       0x10 C:/ST/STM32CubeIDE_1.19.0/STM32CubeIDE/plugins/com.st.stm32cube.ide.mcu.externaltools.gnu-tools-for-stm32.13.3.rel1.win32_1.0.0.202411081344/tools/bin/../lib/gcc/arm-none-eabi/13.3.1/../../../../arm-none-eabi/lib/thumb/v7-m/nofp\libc_nano.a(libc_a-strlen.o)
                0x080001e4                strlen
 .text          0x080001f4      0x168 C:/ST/STM32CubeIDE_1.19.0/STM32CubeIDE/plugins/com.st.stm32cube.ide.mcu.externaltools.gnu-tools-for-stm32.13.3.rel1.win32_1.0.0.202411081344/tools/bin/../lib/gcc/arm-none-eabi/13.3.1/thumb/v7-m/nofp\libgcc.a(_arm_mulsf3.o)
                0x080001f4                __aeabi_fmul
                0x080001f4                __mulsf3
 .text          0x0800035c      0x378 C:/ST/STM32CubeIDE_1.19.0/STM32CubeIDE/plugins/com.st.stm32cube.ide.mcu.externaltools.gnu-tools-for-stm32.13.3.rel1.win32_1.0.0.202411081344/tools/bin/../lib/gcc/arm-none-eabi/13.3.1/thumb/v7-m/nofp\libgcc.a(_arm_addsubdf3.o)
                0x0800035c                __aeabi_drsub
                0x08000364                __aeabi_dsub
                0x08000364                __subdf3
                0x08000368                __aeabi_dadd
                0x08000368                __adddf3
                0x080005e0                __floatunsidf
                0x080005e0                __aeabi_ui2d
                0x08000600                __floatsidf
                0x08000600                __aeabi_i2d
                0x08000624                __aeabi_f2d
                0x08000624                __extendsfdf2
                0x08000668                __floatundidf
                0x08000668                __aeabi_ul2d
                0x08000678                __floatdidf
                0x08000678                __aeabi_l2d
 .text          0x080006d4      0x424 C:/ST/STM32CubeIDE_1.19.0/STM32CubeIDE/plugins/com.st.stm32cube.ide.mcu.externaltools.gnu-tools-for-stm32.13.3.rel1.win32_1.0.0.202411081344/tools/bin/../lib/gcc/arm-none-eabi/13.3.1/thumb/v7-m/nofp\libgcc.a(_arm_muldivdf3.o)
                0x080006d4                __aeabi_dmul
                0x080006d4                __muldf3
                0x08000928                __divdf3
                0x08000928                __aeabi_ddiv
 .text          0x08000af8      0x110 C:/ST/STM32CubeIDE_1.19.0/STM32CubeIDE/plugins/com.st.stm32cube.ide.mcu.externaltools.gnu-tools-for-stm32.13.3.rel1.win32_1.0.0.202411081344/tools/bin/../lib/gcc/arm-none-eabi/13.3.1/thumb/v7-m/nofp\libgcc.a(_arm_cmpdf2.o)
                0x08000af8                __gtdf2
                0x08000af8                __gedf2
                0x08000b00                __ltdf2
                0x08000b00                __ledf2
                0x08000b08                __nedf2
                0x08000b08                __eqdf2
                0x08000b08                __cmpdf2
                0x08000b84                __aeabi_cdrcmple
                0x08000b94                __aeabi_cdcmpeq
                0x08000b94                __aeabi_cdcmple
                0x08000ba4                __aeabi_dcmpeq
                0x08000bb8                __aeabi_dcmplt
                0x08000bcc                __aeabi_dcmple
                0x08000be0                __aeabi_dcmpge
                0x08000bf4                __aeabi_dcmpgt
 .text          0x08000c08       0x2c C:/ST/STM32CubeIDE_1.19.0/STM32CubeIDE/plugins/com.st.stm32cube.ide.mcu.externaltools.gnu-tools-for-stm32.13.3.rel1.win32_1.0.0.202411081344/tools/bin/../lib/gcc/arm-none-eabi/13.3.1/thumb/v7-m/nofp\libgcc.a(_arm_unorddf2.o)
                0x08000c08                __unorddf2
                0x08000c08                __aeabi_dcmpun
 .text          0x08000c34       0x50 C:/ST/STM32CubeIDE_1.19.0/STM32CubeIDE/plugins/com.st.stm32cube.ide.mcu.externaltools.gnu-tools-for-stm32.13.3.rel1.win32_1.0.0.202411081344/tools/bin/../lib/gcc/arm-none-eabi/13.3.1/thumb/v7-m/nofp\libgcc.a(_arm_fixdfsi.o)
                0x08000c34                __aeabi_d2iz
                0x08000c34                __fixdfsi
 .text          0x08000c84       0x40 C:/ST/STM32CubeIDE_1.19.0/STM32CubeIDE/plugins/com.st.stm32cube.ide.mcu.externaltools.gnu-tools-for-stm32.13.3.rel1.win32_1.0.0.202411081344/tools/bin/../lib/gcc/arm-none-eabi/13.3.1/thumb/v7-m/nofp\libgcc.a(_arm_fixunsdfsi.o)
                0x08000c84                __aeabi_d2uiz
                0x08000c84                __fixunsdfsi
 .text          0x08000cc4       0xa0 C:/ST/STM32CubeIDE_1.19.0/STM32CubeIDE/plugins/com.st.stm32cube.ide.mcu.externaltools.gnu-tools-for-stm32.13.3.rel1.win32_1.0.0.202411081344/tools/bin/../lib/gcc/arm-none-eabi/13.3.1/thumb/v7-m/nofp\libgcc.a(_arm_truncdfsf2.o)
                0x08000cc4                __truncdfsf2
                0x08000cc4                __aeabi_d2f
 .text          0x08000d64      0x21c C:/ST/STM32CubeIDE_1.19.0/STM32CubeIDE/plugins/com.st.stm32cube.ide.mcu.externaltools.gnu-tools-for-stm32.13.3.rel1.win32_1.0.0.202411081344/tools/bin/../lib/gcc/arm-none-eabi/13.3.1/thumb/v7-m/nofp\libgcc.a(_arm_addsubsf3.o)
                0x08000d64                __aeabi_frsub
                0x08000d6c                __subsf3
                0x08000d6c                __aeabi_fsub
                0x08000d70                __aeabi_fadd
                0x08000d70                __addsf3
                0x08000ed0                __aeabi_ui2f
                0x08000ed0                __floatunsisf
                0x08000ed8                __aeabi_i2f
                0x08000ed8                __floatsisf
                0x08000ef4                __aeabi_ul2f
                0x08000ef4                __floatundisf
                0x08000f04                __aeabi_l2f
                0x08000f04                __floatdisf
 .text          0x08000f80       0x30 C:/ST/STM32CubeIDE_1.19.0/STM32CubeIDE/plugins/com.st.stm32cube.ide.mcu.externaltools.gnu-tools-for-stm32.13.3.rel1.win32_1.0.0.202411081344/tools/bin/../lib/gcc/arm-none-eabi/13.3.1/thumb/v7-m/nofp\libgcc.a(_aeabi_uldivmod.o)
                0x08000f80                __aeabi_uldivmod
 .text          0x08000fb0       0x30 C:/ST/STM32CubeIDE_1.19.0/STM32CubeIDE/plugins/com.st.stm32cube.ide.mcu.externaltools.gnu-tools-for-stm32.13.3.rel1.win32_1.0.0.202411081344/tools/bin/../lib/gcc/arm-none-eabi/13.3.1/thumb/v7-m/nofp\libgcc.a(_fixdfdi.o)
                0x08000fb0                __fixdfdi
                0x08000fb0                __aeabi_d2lz
 .text          0x08000fe0       0x3c C:/ST/STM32CubeIDE_1.19.0/STM32CubeIDE/plugins/com.st.stm32cube.ide.mcu.externaltools.gnu-tools-for-stm32.13.3.rel1.win32_1.0.0.202411081344/tools/bin/../lib/gcc/arm-none-eabi/13.3.1/thumb/v7-m/nofp\libgcc.a(_fixunsdfdi.o)
                0x08000fe0                __fixunsdfdi
                0x08000fe0                __aeabi_d2ulz
 .text          0x0800101c      0x300 C:/ST/STM32CubeIDE_1.19.0/STM32CubeIDE/plugins/com.st.stm32cube.ide.mcu.externaltools.gnu-tools-for-stm32.13.3.rel1.win32_1.0.0.202411081344/tools/bin/../lib/gcc/arm-none-eabi/13.3.1/thumb/v7-m/nofp\libgcc.a(_udivmoddi4.o)
                0x0800101c                __udivmoddi4
 .text          0x0800131c        0x4 C:/ST/STM32CubeIDE_1.19.0/STM32CubeIDE/plugins/com.st.stm32cube.ide.mcu.externaltools.gnu-tools-for-stm32.13.3.rel1.win32_1.0.0.202411081344/tools/bin/../lib/gcc/arm-none-eabi/13.3.1/thumb/v7-m/nofp\libgcc.a(_dvmd_tls.o)
                0x0800131c                __aeabi_idiv0
                0x0800131c                __aeabi_ldiv0
 *(.text*)
 .text.MX_ADC1_Init
                0x08001320       0xa4 ./Core/Src/adc.o
                0x08001320                MX_ADC1_Init
 .text.HAL_ADC_MspInit
                0x080013c4       0x88 ./Core/Src/adc.o
                0x080013c4                HAL_ADC_MspInit
 .text.case_insensitive_strcmp
                0x0800144c       0xd8 ./Core/Src/cJSON.o
 .text.cJSON_New_Item
                0x08001524       0x2c ./Core/Src/cJSON.o
 .text.cJSON_Delete
                0x08001550       0xa0 ./Core/Src/cJSON.o
                0x08001550                cJSON_Delete
 .text.get_decimal_point
                0x080015f0        0xe ./Core/Src/cJSON.o
 *fill*         0x080015fe        0x2 
 .text.parse_number
                0x08001600      0x1e0 ./Core/Src/cJSON.o
 .text.parse_hex4
                0x080017e0       0xc2 ./Core/Src/cJSON.o
 *fill*         0x080018a2        0x2 
 .text.utf16_literal_to_utf8
                0x080018a4      0x1d0 ./Core/Src/cJSON.o
 .text.parse_string
                0x08001a74      0x290 ./Core/Src/cJSON.o
 .text.buffer_skip_whitespace
                0x08001d04       0x7e ./Core/Src/cJSON.o
 *fill*         0x08001d82        0x2 
 .text.skip_utf8_bom
                0x08001d84       0x68 ./Core/Src/cJSON.o
 .text.cJSON_ParseWithOpts
                0x08001dec       0x38 ./Core/Src/cJSON.o
                0x08001dec                cJSON_ParseWithOpts
 .text.cJSON_ParseWithLengthOpts
                0x08001e24      0x134 ./Core/Src/cJSON.o
                0x08001e24                cJSON_ParseWithLengthOpts
 .text.cJSON_Parse
                0x08001f58       0x1c ./Core/Src/cJSON.o
                0x08001f58                cJSON_Parse
 .text.parse_value
                0x08001f74      0x1d8 ./Core/Src/cJSON.o
 .text.parse_array
                0x0800214c      0x188 ./Core/Src/cJSON.o
 .text.parse_object
                0x080022d4      0x218 ./Core/Src/cJSON.o
 .text.cJSON_GetArraySize
                0x080024ec       0x40 ./Core/Src/cJSON.o
                0x080024ec                cJSON_GetArraySize
 .text.get_object_item
                0x0800252c       0x90 ./Core/Src/cJSON.o
 .text.cJSON_GetObjectItemCaseSensitive
                0x080025bc       0x1e ./Core/Src/cJSON.o
                0x080025bc                cJSON_GetObjectItemCaseSensitive
 .text.cJSON_IsArray
                0x080025da       0x2c ./Core/Src/cJSON.o
                0x080025da                cJSON_IsArray
 *fill*         0x08002606        0x2 
 .text.MX_FREERTOS_Init
                0x08002608       0x60 ./Core/Src/freertos.o
                0x08002608                MX_FREERTOS_Init
 .text.StartCollectionTask
                0x08002668       0xa8 ./Core/Src/freertos.o
                0x08002668                StartCollectionTask
 .text.StartProcessingTask
                0x08002710       0xc4 ./Core/Src/freertos.o
                0x08002710                StartProcessingTask
 .text.HAL_TIM_PeriodElapsedCallback
                0x080027d4       0x4c ./Core/Src/freertos.o
                0x080027d4                HAL_TIM_PeriodElapsedCallback
 .text.MX_GPIO_Init
                0x08002820      0x248 ./Core/Src/gpio.o
                0x08002820                MX_GPIO_Init
 .text.parse_config_interface
                0x08002a68       0x40 ./Core/Src/interface.o
                0x08002a68                parse_config_interface
 .text.read_file_interface
                0x08002aa8       0x6c ./Core/Src/interface.o
                0x08002aa8                read_file_interface
 .text.create_file_interface
                0x08002b14       0x40 ./Core/Src/interface.o
                0x08002b14                create_file_interface
 .text.mount_sd_interface
                0x08002b54       0x3c ./Core/Src/interface.o
                0x08002b54                mount_sd_interface
 .text.get_sensorval_interface
                0x08002b90       0x78 ./Core/Src/interface.o
                0x08002b90                get_sensorval_interface
 .text.filter_and_decimate_interface
                0x08002c08       0x14 ./Core/Src/interface.o
                0x08002c08                filter_and_decimate_interface
 .text.main     0x08002c1c       0xf4 ./Core/Src/main.o
                0x08002c1c                main
 .text.SystemClock_Config
                0x08002d10       0x8e ./Core/Src/main.o
                0x08002d10                SystemClock_Config
 .text.Error_Handler
                0x08002d9e        0xc ./Core/Src/main.o
                0x08002d9e                Error_Handler
 *fill*         0x08002daa        0x2 
 .text.MX_SDIO_SD_Init
                0x08002dac       0x40 ./Core/Src/sdio.o
                0x08002dac                MX_SDIO_SD_Init
 .text.HAL_SD_MspInit
                0x08002dec       0xf4 ./Core/Src/sdio.o
                0x08002dec                HAL_SD_MspInit
 .text.MX_SPI1_Init
                0x08002ee0       0x6c ./Core/Src/spi.o
                0x08002ee0                MX_SPI1_Init
 .text.MX_SPI2_Init
                0x08002f4c       0x6c ./Core/Src/spi.o
                0x08002f4c                MX_SPI2_Init
 .text.HAL_SPI_MspInit
                0x08002fb8      0x178 ./Core/Src/spi.o
                0x08002fb8                HAL_SPI_MspInit
 .text.HAL_MspInit
                0x08003130       0x58 ./Core/Src/stm32f2xx_hal_msp.o
                0x08003130                HAL_MspInit
 .text.HAL_InitTick
                0x08003188       0xf8 ./Core/Src/stm32f2xx_hal_timebase_tim.o
                0x08003188                HAL_InitTick
 .text.NMI_Handler
                0x08003280        0x8 ./Core/Src/stm32f2xx_it.o
                0x08003280                NMI_Handler
 .text.HardFault_Handler
                0x08003288        0x8 ./Core/Src/stm32f2xx_it.o
                0x08003288                HardFault_Handler
 .text.MemManage_Handler
                0x08003290        0x8 ./Core/Src/stm32f2xx_it.o
                0x08003290                MemManage_Handler
 .text.BusFault_Handler
                0x08003298        0x8 ./Core/Src/stm32f2xx_it.o
                0x08003298                BusFault_Handler
 .text.UsageFault_Handler
                0x080032a0        0x8 ./Core/Src/stm32f2xx_it.o
                0x080032a0                UsageFault_Handler
 .text.DebugMon_Handler
                0x080032a8        0xc ./Core/Src/stm32f2xx_it.o
                0x080032a8                DebugMon_Handler
 .text.TIM8_TRG_COM_TIM14_IRQHandler
                0x080032b4       0x14 ./Core/Src/stm32f2xx_it.o
                0x080032b4                TIM8_TRG_COM_TIM14_IRQHandler
 .text.TIM7_IRQHandler
                0x080032c8       0x14 ./Core/Src/stm32f2xx_it.o
                0x080032c8                TIM7_IRQHandler
 .text._getpid  0x080032dc        0xe ./Core/Src/syscalls.o
                0x080032dc                _getpid
 .text._kill    0x080032ea       0x20 ./Core/Src/syscalls.o
                0x080032ea                _kill
 .text._exit    0x0800330a       0x16 ./Core/Src/syscalls.o
                0x0800330a                _exit
 .text._read    0x08003320       0x3a ./Core/Src/syscalls.o
                0x08003320                _read
 .text._write   0x0800335a       0x38 ./Core/Src/syscalls.o
                0x0800335a                _write
 .text._close   0x08003392       0x16 ./Core/Src/syscalls.o
                0x08003392                _close
 .text._fstat   0x080033a8       0x1e ./Core/Src/syscalls.o
                0x080033a8                _fstat
 .text._isatty  0x080033c6       0x14 ./Core/Src/syscalls.o
                0x080033c6                _isatty
 .text._lseek   0x080033da       0x18 ./Core/Src/syscalls.o
                0x080033da                _lseek
 *fill*         0x080033f2        0x2 
 .text._sbrk    0x080033f4       0x6c ./Core/Src/sysmem.o
                0x080033f4                _sbrk
 .text.SystemInit
                0x08003460        0xc ./Core/Src/system_stm32f2xx.o
                0x08003460                SystemInit
 .text.MX_TIM14_Init
                0x0800346c       0x48 ./Core/Src/tim.o
                0x0800346c                MX_TIM14_Init
 .text.HAL_TIM_Base_MspInit
                0x080034b4       0x50 ./Core/Src/tim.o
                0x080034b4                HAL_TIM_Base_MspInit
 .text.MX_USART3_UART_Init
                0x08003504       0x54 ./Core/Src/usart.o
                0x08003504                MX_USART3_UART_Init
 .text.HAL_UART_MspInit
                0x08003558       0x90 ./Core/Src/usart.o
                0x08003558                HAL_UART_MspInit
 .text.MX_USB_OTG_FS_PCD_Init
                0x080035e8       0x54 ./Core/Src/usb_otg.o
                0x080035e8                MX_USB_OTG_FS_PCD_Init
 .text.HAL_PCD_MspInit
                0x0800363c       0xb4 ./Core/Src/usb_otg.o
                0x0800363c                HAL_PCD_MspInit
 .text.parse_config
                0x080036f0      0x664 ./Core/Src/utils.o
                0x080036f0                parse_config
 .text.Reset_Handler
                0x08003d54       0x50 ./Core/Startup/startup_stm32f207zgtx.o
                0x08003d54                Reset_Handler
 .text.Default_Handler
                0x08003da4        0x2 ./Core/Startup/startup_stm32f207zgtx.o
                0x08003da4                RTC_Alarm_IRQHandler
                0x08003da4                HASH_RNG_IRQHandler
                0x08003da4                EXTI2_IRQHandler
                0x08003da4                TIM8_CC_IRQHandler
                0x08003da4                TIM1_CC_IRQHandler
                0x08003da4                DMA2_Stream5_IRQHandler
                0x08003da4                DMA1_Stream5_IRQHandler
                0x08003da4                PVD_IRQHandler
                0x08003da4                SDIO_IRQHandler
                0x08003da4                TAMP_STAMP_IRQHandler
                0x08003da4                CAN2_RX1_IRQHandler
                0x08003da4                EXTI3_IRQHandler
                0x08003da4                TIM1_UP_TIM10_IRQHandler
                0x08003da4                TIM8_UP_TIM13_IRQHandler
                0x08003da4                I2C3_ER_IRQHandler
                0x08003da4                EXTI0_IRQHandler
                0x08003da4                I2C2_EV_IRQHandler
                0x08003da4                DMA1_Stream2_IRQHandler
                0x08003da4                CAN1_RX0_IRQHandler
                0x08003da4                OTG_HS_WKUP_IRQHandler
                0x08003da4                CAN2_SCE_IRQHandler
                0x08003da4                DMA2_Stream2_IRQHandler
                0x08003da4                SPI1_IRQHandler
                0x08003da4                TIM6_DAC_IRQHandler
                0x08003da4                TIM1_BRK_TIM9_IRQHandler
                0x08003da4                DCMI_IRQHandler
                0x08003da4                CAN2_RX0_IRQHandler
                0x08003da4                DMA2_Stream3_IRQHandler
                0x08003da4                USART6_IRQHandler
                0x08003da4                USART3_IRQHandler
                0x08003da4                CAN1_RX1_IRQHandler
                0x08003da4                UART5_IRQHandler
                0x08003da4                DMA2_Stream0_IRQHandler
                0x08003da4                TIM4_IRQHandler
                0x08003da4                I2C1_EV_IRQHandler
                0x08003da4                DMA1_Stream6_IRQHandler
                0x08003da4                DMA1_Stream1_IRQHandler
                0x08003da4                UART4_IRQHandler
                0x08003da4                TIM3_IRQHandler
                0x08003da4                RCC_IRQHandler
                0x08003da4                TIM8_BRK_TIM12_IRQHandler
                0x08003da4                Default_Handler
                0x08003da4                EXTI15_10_IRQHandler
                0x08003da4                ADC_IRQHandler
                0x08003da4                DMA1_Stream7_IRQHandler
                0x08003da4                CAN2_TX_IRQHandler
                0x08003da4                TIM5_IRQHandler
                0x08003da4                DMA2_Stream7_IRQHandler
                0x08003da4                I2C3_EV_IRQHandler
                0x08003da4                EXTI9_5_IRQHandler
                0x08003da4                RTC_WKUP_IRQHandler
                0x08003da4                ETH_WKUP_IRQHandler
                0x08003da4                SPI2_IRQHandler
                0x08003da4                OTG_HS_EP1_IN_IRQHandler
                0x08003da4                DMA1_Stream0_IRQHandler
                0x08003da4                CAN1_TX_IRQHandler
                0x08003da4                EXTI4_IRQHandler
                0x08003da4                FSMC_IRQHandler
                0x08003da4                ETH_IRQHandler
                0x08003da4                OTG_HS_EP1_OUT_IRQHandler
                0x08003da4                WWDG_IRQHandler
                0x08003da4                TIM2_IRQHandler
                0x08003da4                OTG_FS_WKUP_IRQHandler
                0x08003da4                TIM1_TRG_COM_TIM11_IRQHandler
                0x08003da4                OTG_HS_IRQHandler
                0x08003da4                EXTI1_IRQHandler
                0x08003da4                USART2_IRQHandler
                0x08003da4                I2C2_ER_IRQHandler
                0x08003da4                DMA2_Stream1_IRQHandler
                0x08003da4                CAN1_SCE_IRQHandler
                0x08003da4                FLASH_IRQHandler
                0x08003da4                DMA2_Stream4_IRQHandler
                0x08003da4                USART1_IRQHandler
                0x08003da4                OTG_FS_IRQHandler
                0x08003da4                SPI3_IRQHandler
                0x08003da4                DMA1_Stream4_IRQHandler
                0x08003da4                I2C1_ER_IRQHandler
                0x08003da4                DMA2_Stream6_IRQHandler
                0x08003da4                DMA1_Stream3_IRQHandler
 *fill*         0x08003da6        0x2 
 .text.HAL_Init
                0x08003da8       0x44 ./Drivers/STM32F2xx_HAL_Driver/Src/stm32f2xx_hal.o
                0x08003da8                HAL_Init
 .text.HAL_IncTick
                0x08003dec       0x24 ./Drivers/STM32F2xx_HAL_Driver/Src/stm32f2xx_hal.o
                0x08003dec                HAL_IncTick
 .text.HAL_GetTick
                0x08003e10       0x14 ./Drivers/STM32F2xx_HAL_Driver/Src/stm32f2xx_hal.o
                0x08003e10                HAL_GetTick
 .text.HAL_Delay
                0x08003e24       0x48 ./Drivers/STM32F2xx_HAL_Driver/Src/stm32f2xx_hal.o
                0x08003e24                HAL_Delay
 .text.HAL_ADC_Init
                0x08003e6c       0x86 ./Drivers/STM32F2xx_HAL_Driver/Src/stm32f2xx_hal_adc.o
                0x08003e6c                HAL_ADC_Init
 *fill*         0x08003ef2        0x2 
 .text.HAL_ADC_Start
                0x08003ef4      0x160 ./Drivers/STM32F2xx_HAL_Driver/Src/stm32f2xx_hal_adc.o
                0x08003ef4                HAL_ADC_Start
 .text.HAL_ADC_PollForConversion
                0x08004054      0x108 ./Drivers/STM32F2xx_HAL_Driver/Src/stm32f2xx_hal_adc.o
                0x08004054                HAL_ADC_PollForConversion
 .text.HAL_ADC_GetValue
                0x0800415c       0x18 ./Drivers/STM32F2xx_HAL_Driver/Src/stm32f2xx_hal_adc.o
                0x0800415c                HAL_ADC_GetValue
 .text.HAL_ADC_ConfigChannel
                0x08004174      0x240 ./Drivers/STM32F2xx_HAL_Driver/Src/stm32f2xx_hal_adc.o
                0x08004174                HAL_ADC_ConfigChannel
 .text.ADC_Init
                0x080043b4      0x20c ./Drivers/STM32F2xx_HAL_Driver/Src/stm32f2xx_hal_adc.o
 .text.__NVIC_SetPriorityGrouping
                0x080045c0       0x48 ./Drivers/STM32F2xx_HAL_Driver/Src/stm32f2xx_hal_cortex.o
 .text.__NVIC_GetPriorityGrouping
                0x08004608       0x1c ./Drivers/STM32F2xx_HAL_Driver/Src/stm32f2xx_hal_cortex.o
 .text.__NVIC_EnableIRQ
                0x08004624       0x38 ./Drivers/STM32F2xx_HAL_Driver/Src/stm32f2xx_hal_cortex.o
 .text.__NVIC_SetPriority
                0x0800465c       0x54 ./Drivers/STM32F2xx_HAL_Driver/Src/stm32f2xx_hal_cortex.o
 .text.NVIC_EncodePriority
                0x080046b0       0x64 ./Drivers/STM32F2xx_HAL_Driver/Src/stm32f2xx_hal_cortex.o
 .text.HAL_NVIC_SetPriorityGrouping
                0x08004714       0x16 ./Drivers/STM32F2xx_HAL_Driver/Src/stm32f2xx_hal_cortex.o
                0x08004714                HAL_NVIC_SetPriorityGrouping
 .text.HAL_NVIC_SetPriority
                0x0800472a       0x38 ./Drivers/STM32F2xx_HAL_Driver/Src/stm32f2xx_hal_cortex.o
                0x0800472a                HAL_NVIC_SetPriority
 .text.HAL_NVIC_EnableIRQ
                0x08004762       0x1c ./Drivers/STM32F2xx_HAL_Driver/Src/stm32f2xx_hal_cortex.o
                0x08004762                HAL_NVIC_EnableIRQ
 *fill*         0x0800477e        0x2 
 .text.HAL_GPIO_Init
                0x08004780      0x33c ./Drivers/STM32F2xx_HAL_Driver/Src/stm32f2xx_hal_gpio.o
                0x08004780                HAL_GPIO_Init
 .text.HAL_GPIO_ReadPin
                0x08004abc       0x2e ./Drivers/STM32F2xx_HAL_Driver/Src/stm32f2xx_hal_gpio.o
                0x08004abc                HAL_GPIO_ReadPin
 .text.HAL_GPIO_WritePin
                0x08004aea       0x30 ./Drivers/STM32F2xx_HAL_Driver/Src/stm32f2xx_hal_gpio.o
                0x08004aea                HAL_GPIO_WritePin
 .text.HAL_GPIO_TogglePin
                0x08004b1a       0x32 ./Drivers/STM32F2xx_HAL_Driver/Src/stm32f2xx_hal_gpio.o
                0x08004b1a                HAL_GPIO_TogglePin
 .text.HAL_PCD_Init
                0x08004b4c      0x21e ./Drivers/STM32F2xx_HAL_Driver/Src/stm32f2xx_hal_pcd.o
                0x08004b4c                HAL_PCD_Init
 *fill*         0x08004d6a        0x2 
 .text.HAL_RCC_OscConfig
                0x08004d6c      0x4a8 ./Drivers/STM32F2xx_HAL_Driver/Src/stm32f2xx_hal_rcc.o
                0x08004d6c                HAL_RCC_OscConfig
 .text.HAL_RCC_ClockConfig
                0x08005214      0x1d8 ./Drivers/STM32F2xx_HAL_Driver/Src/stm32f2xx_hal_rcc.o
                0x08005214                HAL_RCC_ClockConfig
 .text.HAL_RCC_GetSysClockFreq
                0x080053ec      0x218 ./Drivers/STM32F2xx_HAL_Driver/Src/stm32f2xx_hal_rcc.o
                0x080053ec                HAL_RCC_GetSysClockFreq
 .text.HAL_RCC_GetHCLKFreq
                0x08005604       0x14 ./Drivers/STM32F2xx_HAL_Driver/Src/stm32f2xx_hal_rcc.o
                0x08005604                HAL_RCC_GetHCLKFreq
 .text.HAL_RCC_GetPCLK1Freq
                0x08005618       0x44 ./Drivers/STM32F2xx_HAL_Driver/Src/stm32f2xx_hal_rcc.o
                0x08005618                HAL_RCC_GetPCLK1Freq
 .text.HAL_RCC_GetPCLK2Freq
                0x0800565c       0x44 ./Drivers/STM32F2xx_HAL_Driver/Src/stm32f2xx_hal_rcc.o
                0x0800565c                HAL_RCC_GetPCLK2Freq
 .text.HAL_RCC_GetClockConfig
                0x080056a0       0x60 ./Drivers/STM32F2xx_HAL_Driver/Src/stm32f2xx_hal_rcc.o
                0x080056a0                HAL_RCC_GetClockConfig
 .text.HAL_SD_Init
                0x08005700       0x60 ./Drivers/STM32F2xx_HAL_Driver/Src/stm32f2xx_hal_sd.o
                0x08005700                HAL_SD_Init
 .text.HAL_SD_InitCard
                0x08005760       0xf0 ./Drivers/STM32F2xx_HAL_Driver/Src/stm32f2xx_hal_sd.o
                0x08005760                HAL_SD_InitCard
 .text.HAL_SD_ReadBlocks
                0x08005850      0x3cc ./Drivers/STM32F2xx_HAL_Driver/Src/stm32f2xx_hal_sd.o
                0x08005850                HAL_SD_ReadBlocks
 .text.HAL_SD_WriteBlocks
                0x08005c1c      0x31c ./Drivers/STM32F2xx_HAL_Driver/Src/stm32f2xx_hal_sd.o
                0x08005c1c                HAL_SD_WriteBlocks
 .text.HAL_SD_GetCardCSD
                0x08005f38      0x348 ./Drivers/STM32F2xx_HAL_Driver/Src/stm32f2xx_hal_sd.o
                0x08005f38                HAL_SD_GetCardCSD
 .text.HAL_SD_GetCardInfo
                0x08006280       0x56 ./Drivers/STM32F2xx_HAL_Driver/Src/stm32f2xx_hal_sd.o
                0x08006280                HAL_SD_GetCardInfo
 .text.HAL_SD_GetCardState
                0x080062d6       0x40 ./Drivers/STM32F2xx_HAL_Driver/Src/stm32f2xx_hal_sd.o
                0x080062d6                HAL_SD_GetCardState
 .text.SD_InitCard
                0x08006316      0x19c ./Drivers/STM32F2xx_HAL_Driver/Src/stm32f2xx_hal_sd.o
 *fill*         0x080064b2        0x2 
 .text.SD_PowerON
                0x080064b4      0x11c ./Drivers/STM32F2xx_HAL_Driver/Src/stm32f2xx_hal_sd.o
 .text.SD_SendStatus
                0x080065d0       0x50 ./Drivers/STM32F2xx_HAL_Driver/Src/stm32f2xx_hal_sd.o
 .text.HAL_SPI_Init
                0x08006620      0x112 ./Drivers/STM32F2xx_HAL_Driver/Src/stm32f2xx_hal_spi.o
                0x08006620                HAL_SPI_Init
 .text.HAL_TIM_Base_Init
                0x08006732       0x9e ./Drivers/STM32F2xx_HAL_Driver/Src/stm32f2xx_hal_tim.o
                0x08006732                HAL_TIM_Base_Init
 .text.HAL_TIM_Base_Start_IT
                0x080067d0       0xdc ./Drivers/STM32F2xx_HAL_Driver/Src/stm32f2xx_hal_tim.o
                0x080067d0                HAL_TIM_Base_Start_IT
 .text.HAL_TIM_IRQHandler
                0x080068ac      0x1e0 ./Drivers/STM32F2xx_HAL_Driver/Src/stm32f2xx_hal_tim.o
                0x080068ac                HAL_TIM_IRQHandler
 .text.HAL_TIM_OC_DelayElapsedCallback
                0x08006a8c       0x12 ./Drivers/STM32F2xx_HAL_Driver/Src/stm32f2xx_hal_tim.o
                0x08006a8c                HAL_TIM_OC_DelayElapsedCallback
 .text.HAL_TIM_IC_CaptureCallback
                0x08006a9e       0x12 ./Drivers/STM32F2xx_HAL_Driver/Src/stm32f2xx_hal_tim.o
                0x08006a9e                HAL_TIM_IC_CaptureCallback
 .text.HAL_TIM_PWM_PulseFinishedCallback
                0x08006ab0       0x12 ./Drivers/STM32F2xx_HAL_Driver/Src/stm32f2xx_hal_tim.o
                0x08006ab0                HAL_TIM_PWM_PulseFinishedCallback
 .text.HAL_TIM_TriggerCallback
                0x08006ac2       0x12 ./Drivers/STM32F2xx_HAL_Driver/Src/stm32f2xx_hal_tim.o
                0x08006ac2                HAL_TIM_TriggerCallback
 .text.TIM_Base_SetConfig
                0x08006ad4      0x154 ./Drivers/STM32F2xx_HAL_Driver/Src/stm32f2xx_hal_tim.o
                0x08006ad4                TIM_Base_SetConfig
 .text.HAL_TIMEx_CommutCallback
                0x08006c28       0x12 ./Drivers/STM32F2xx_HAL_Driver/Src/stm32f2xx_hal_tim_ex.o
                0x08006c28                HAL_TIMEx_CommutCallback
 .text.HAL_TIMEx_BreakCallback
                0x08006c3a       0x12 ./Drivers/STM32F2xx_HAL_Driver/Src/stm32f2xx_hal_tim_ex.o
                0x08006c3a                HAL_TIMEx_BreakCallback
 .text.HAL_UART_Init
                0x08006c4c       0xa0 ./Drivers/STM32F2xx_HAL_Driver/Src/stm32f2xx_hal_uart.o
                0x08006c4c                HAL_UART_Init
 .text.HAL_UART_Transmit
                0x08006cec      0x116 ./Drivers/STM32F2xx_HAL_Driver/Src/stm32f2xx_hal_uart.o
                0x08006cec                HAL_UART_Transmit
 .text.UART_WaitOnFlagUntilTimeout
                0x08006e02       0xb2 ./Drivers/STM32F2xx_HAL_Driver/Src/stm32f2xx_hal_uart.o
 .text.UART_EndRxTransfer
                0x08006eb4       0xc4 ./Drivers/STM32F2xx_HAL_Driver/Src/stm32f2xx_hal_uart.o
 .text.UART_SetConfig
                0x08006f78      0x1d4 ./Drivers/STM32F2xx_HAL_Driver/Src/stm32f2xx_hal_uart.o
 .text.SDIO_Init
                0x0800714c       0x54 ./Drivers/STM32F2xx_HAL_Driver/Src/stm32f2xx_ll_sdmmc.o
                0x0800714c                SDIO_Init
 .text.SDIO_ReadFIFO
                0x080071a0       0x18 ./Drivers/STM32F2xx_HAL_Driver/Src/stm32f2xx_ll_sdmmc.o
                0x080071a0                SDIO_ReadFIFO
 .text.SDIO_WriteFIFO
                0x080071b8       0x20 ./Drivers/STM32F2xx_HAL_Driver/Src/stm32f2xx_ll_sdmmc.o
                0x080071b8                SDIO_WriteFIFO
 .text.SDIO_PowerState_ON
                0x080071d8       0x1a ./Drivers/STM32F2xx_HAL_Driver/Src/stm32f2xx_ll_sdmmc.o
                0x080071d8                SDIO_PowerState_ON
 .text.SDIO_GetPowerState
                0x080071f2       0x1a ./Drivers/STM32F2xx_HAL_Driver/Src/stm32f2xx_ll_sdmmc.o
                0x080071f2                SDIO_GetPowerState
 .text.SDIO_SendCommand
                0x0800720c       0x52 ./Drivers/STM32F2xx_HAL_Driver/Src/stm32f2xx_ll_sdmmc.o
                0x0800720c                SDIO_SendCommand
 .text.SDIO_GetCommandResponse
                0x0800725e       0x18 ./Drivers/STM32F2xx_HAL_Driver/Src/stm32f2xx_ll_sdmmc.o
                0x0800725e                SDIO_GetCommandResponse
 .text.SDIO_GetResponse
                0x08007276       0x24 ./Drivers/STM32F2xx_HAL_Driver/Src/stm32f2xx_ll_sdmmc.o
                0x08007276                SDIO_GetResponse
 .text.SDIO_ConfigData
                0x0800729a       0x56 ./Drivers/STM32F2xx_HAL_Driver/Src/stm32f2xx_ll_sdmmc.o
                0x0800729a                SDIO_ConfigData
 .text.SDMMC_CmdBlockLength
                0x080072f0       0x44 ./Drivers/STM32F2xx_HAL_Driver/Src/stm32f2xx_ll_sdmmc.o
                0x080072f0                SDMMC_CmdBlockLength
 .text.SDMMC_CmdReadSingleBlock
                0x08007334       0x44 ./Drivers/STM32F2xx_HAL_Driver/Src/stm32f2xx_ll_sdmmc.o
                0x08007334                SDMMC_CmdReadSingleBlock
 .text.SDMMC_CmdReadMultiBlock
                0x08007378       0x44 ./Drivers/STM32F2xx_HAL_Driver/Src/stm32f2xx_ll_sdmmc.o
                0x08007378                SDMMC_CmdReadMultiBlock
 .text.SDMMC_CmdWriteSingleBlock
                0x080073bc       0x44 ./Drivers/STM32F2xx_HAL_Driver/Src/stm32f2xx_ll_sdmmc.o
                0x080073bc                SDMMC_CmdWriteSingleBlock
 .text.SDMMC_CmdWriteMultiBlock
                0x08007400       0x44 ./Drivers/STM32F2xx_HAL_Driver/Src/stm32f2xx_ll_sdmmc.o
                0x08007400                SDMMC_CmdWriteMultiBlock
 .text.SDMMC_CmdStopTransfer
                0x08007444       0x44 ./Drivers/STM32F2xx_HAL_Driver/Src/stm32f2xx_ll_sdmmc.o
                0x08007444                SDMMC_CmdStopTransfer
 .text.SDMMC_CmdSelDesel
                0x08007488       0x46 ./Drivers/STM32F2xx_HAL_Driver/Src/stm32f2xx_ll_sdmmc.o
                0x08007488                SDMMC_CmdSelDesel
 .text.SDMMC_CmdGoIdleState
                0x080074ce       0x3c ./Drivers/STM32F2xx_HAL_Driver/Src/stm32f2xx_ll_sdmmc.o
                0x080074ce                SDMMC_CmdGoIdleState
 .text.SDMMC_CmdOperCond
                0x0800750a       0x3e ./Drivers/STM32F2xx_HAL_Driver/Src/stm32f2xx_ll_sdmmc.o
                0x0800750a                SDMMC_CmdOperCond
 .text.SDMMC_CmdAppCommand
                0x08007548       0x44 ./Drivers/STM32F2xx_HAL_Driver/Src/stm32f2xx_ll_sdmmc.o
                0x08007548                SDMMC_CmdAppCommand
 .text.SDMMC_CmdAppOperCommand
                0x0800758c       0x46 ./Drivers/STM32F2xx_HAL_Driver/Src/stm32f2xx_ll_sdmmc.o
                0x0800758c                SDMMC_CmdAppOperCommand
 .text.SDMMC_CmdSendCID
                0x080075d2       0x3c ./Drivers/STM32F2xx_HAL_Driver/Src/stm32f2xx_ll_sdmmc.o
                0x080075d2                SDMMC_CmdSendCID
 .text.SDMMC_CmdSendCSD
                0x0800760e       0x3e ./Drivers/STM32F2xx_HAL_Driver/Src/stm32f2xx_ll_sdmmc.o
                0x0800760e                SDMMC_CmdSendCSD
 .text.SDMMC_CmdSetRelAdd
                0x0800764c       0x42 ./Drivers/STM32F2xx_HAL_Driver/Src/stm32f2xx_ll_sdmmc.o
                0x0800764c                SDMMC_CmdSetRelAdd
 .text.SDMMC_CmdSendStatus
                0x0800768e       0x44 ./Drivers/STM32F2xx_HAL_Driver/Src/stm32f2xx_ll_sdmmc.o
                0x0800768e                SDMMC_CmdSendStatus
 *fill*         0x080076d2        0x2 
 .text.SDMMC_GetCmdResp1
                0x080076d4      0x1dc ./Drivers/STM32F2xx_HAL_Driver/Src/stm32f2xx_ll_sdmmc.o
                0x080076d4                SDMMC_GetCmdResp1
 .text.SDMMC_GetCmdResp2
                0x080078b0       0x90 ./Drivers/STM32F2xx_HAL_Driver/Src/stm32f2xx_ll_sdmmc.o
                0x080078b0                SDMMC_GetCmdResp2
 .text.SDMMC_GetCmdResp3
                0x08007940       0x78 ./Drivers/STM32F2xx_HAL_Driver/Src/stm32f2xx_ll_sdmmc.o
                0x08007940                SDMMC_GetCmdResp3
 .text.SDMMC_GetCmdResp6
                0x080079b8       0xec ./Drivers/STM32F2xx_HAL_Driver/Src/stm32f2xx_ll_sdmmc.o
                0x080079b8                SDMMC_GetCmdResp6
 .text.SDMMC_GetCmdResp7
                0x08007aa4       0x9c ./Drivers/STM32F2xx_HAL_Driver/Src/stm32f2xx_ll_sdmmc.o
                0x08007aa4                SDMMC_GetCmdResp7
 .text.SDMMC_GetCmdError
                0x08007b40       0x54 ./Drivers/STM32F2xx_HAL_Driver/Src/stm32f2xx_ll_sdmmc.o
 .text.USB_CoreInit
                0x08007b94       0xb2 ./Drivers/STM32F2xx_HAL_Driver/Src/stm32f2xx_ll_usb.o
                0x08007b94                USB_CoreInit
 .text.USB_DisableGlobalInt
                0x08007c46       0x20 ./Drivers/STM32F2xx_HAL_Driver/Src/stm32f2xx_ll_usb.o
                0x08007c46                USB_DisableGlobalInt
 .text.USB_SetCurrentMode
                0x08007c66       0x98 ./Drivers/STM32F2xx_HAL_Driver/Src/stm32f2xx_ll_usb.o
                0x08007c66                USB_SetCurrentMode
 *fill*         0x08007cfe        0x2 
 .text.USB_DevInit
                0x08007d00      0x2c8 ./Drivers/STM32F2xx_HAL_Driver/Src/stm32f2xx_ll_usb.o
                0x08007d00                USB_DevInit
 .text.USB_FlushTxFifo
                0x08007fc8       0x62 ./Drivers/STM32F2xx_HAL_Driver/Src/stm32f2xx_ll_usb.o
                0x08007fc8                USB_FlushTxFifo
 .text.USB_FlushRxFifo
                0x0800802a       0x5a ./Drivers/STM32F2xx_HAL_Driver/Src/stm32f2xx_ll_usb.o
                0x0800802a                USB_FlushRxFifo
 .text.USB_SetDevSpeed
                0x08008084       0x30 ./Drivers/STM32F2xx_HAL_Driver/Src/stm32f2xx_ll_usb.o
                0x08008084                USB_SetDevSpeed
 .text.USB_DevDisconnect
                0x080080b4       0x40 ./Drivers/STM32F2xx_HAL_Driver/Src/stm32f2xx_ll_usb.o
                0x080080b4                USB_DevDisconnect
 .text.USB_GetMode
                0x080080f4       0x1a ./Drivers/STM32F2xx_HAL_Driver/Src/stm32f2xx_ll_usb.o
                0x080080f4                USB_GetMode
 .text.USB_CoreReset
                0x0800810e       0x60 ./Drivers/STM32F2xx_HAL_Driver/Src/stm32f2xx_ll_usb.o
 *fill*         0x0800816e        0x2 
 .text.MX_FATFS_Init
                0x08008170       0x24 ./FATFS/App/fatfs.o
                0x08008170                MX_FATFS_Init
 .text.BSP_SD_Init
                0x08008194       0x30 ./FATFS/Target/bsp_driver_sd.o
                0x08008194                BSP_SD_Init
 .text.BSP_SD_ReadBlocks
                0x080081c4       0x3c ./FATFS/Target/bsp_driver_sd.o
                0x080081c4                BSP_SD_ReadBlocks
 .text.BSP_SD_WriteBlocks
                0x08008200       0x3c ./FATFS/Target/bsp_driver_sd.o
                0x08008200                BSP_SD_WriteBlocks
 .text.BSP_SD_GetCardState
                0x0800823c       0x20 ./FATFS/Target/bsp_driver_sd.o
                0x0800823c                BSP_SD_GetCardState
 .text.BSP_SD_GetCardInfo
                0x0800825c       0x1c ./FATFS/Target/bsp_driver_sd.o
                0x0800825c                BSP_SD_GetCardInfo
 .text.BSP_SD_IsDetected
                0x08008278       0x24 ./FATFS/Target/bsp_driver_sd.o
                0x08008278                BSP_SD_IsDetected
 .text.BSP_PlatformIsDetected
                0x0800829c       0x2c ./FATFS/Target/fatfs_platform.o
                0x0800829c                BSP_PlatformIsDetected
 .text.FATFS_LinkDriverEx
                0x080082c8       0x94 ./Middlewares/Third_Party/FatFs/src/ff_gen_drv.o
                0x080082c8                FATFS_LinkDriverEx
 .text.FATFS_LinkDriver
                0x0800835c       0x1e ./Middlewares/Third_Party/FatFs/src/ff_gen_drv.o
                0x0800835c                FATFS_LinkDriver
 *fill*         0x0800837a        0x2 
 .text.SD_initialize
                0x0800837c       0x3c ./Middlewares/Third_Party/FatFs/src/drivers/sd_diskio.o
                0x0800837c                SD_initialize
 .text.SD_status
                0x080083b8       0x3c ./Middlewares/Third_Party/FatFs/src/drivers/sd_diskio.o
                0x080083b8                SD_status
 .text.SD_read  0x080083f4       0x5c ./Middlewares/Third_Party/FatFs/src/drivers/sd_diskio.o
                0x080083f4                SD_read
 .text.SD_write
                0x08008450       0x5c ./Middlewares/Third_Party/FatFs/src/drivers/sd_diskio.o
                0x08008450                SD_write
 .text.SD_ioctl
                0x080084ac       0xac ./Middlewares/Third_Party/FatFs/src/drivers/sd_diskio.o
                0x080084ac                SD_ioctl
 .text.__NVIC_SetPriority
                0x08008558       0x54 ./Middlewares/Third_Party/FreeRTOS/Source/CMSIS_RTOS_V2/cmsis_os2.o
 .text.SysTick_Handler
                0x080085ac       0x20 ./Middlewares/Third_Party/FreeRTOS/Source/CMSIS_RTOS_V2/cmsis_os2.o
                0x080085ac                SysTick_Handler
 .text.SVC_Setup
                0x080085cc       0x12 ./Middlewares/Third_Party/FreeRTOS/Source/CMSIS_RTOS_V2/cmsis_os2.o
 *fill*         0x080085de        0x2 
 .text.osKernelInitialize
                0x080085e0       0x44 ./Middlewares/Third_Party/FreeRTOS/Source/CMSIS_RTOS_V2/cmsis_os2.o
                0x080085e0                osKernelInitialize
 .text.osKernelStart
                0x08008624       0x4c ./Middlewares/Third_Party/FreeRTOS/Source/CMSIS_RTOS_V2/cmsis_os2.o
                0x08008624                osKernelStart
 .text.osThreadNew
                0x08008670      0x124 ./Middlewares/Third_Party/FreeRTOS/Source/CMSIS_RTOS_V2/cmsis_os2.o
                0x08008670                osThreadNew
 .text.osThreadFlagsSet
                0x08008794       0x9c ./Middlewares/Third_Party/FreeRTOS/Source/CMSIS_RTOS_V2/cmsis_os2.o
                0x08008794                osThreadFlagsSet
 .text.osThreadFlagsWait
                0x08008830      0x102 ./Middlewares/Third_Party/FreeRTOS/Source/CMSIS_RTOS_V2/cmsis_os2.o
                0x08008830                osThreadFlagsWait
 .text.osDelay  0x08008932       0x36 ./Middlewares/Third_Party/FreeRTOS/Source/CMSIS_RTOS_V2/cmsis_os2.o
                0x08008932                osDelay
 .text.vApplicationGetIdleTaskMemory
                0x08008968       0x30 ./Middlewares/Third_Party/FreeRTOS/Source/CMSIS_RTOS_V2/cmsis_os2.o
                0x08008968                vApplicationGetIdleTaskMemory
 .text.vApplicationGetTimerTaskMemory
                0x08008998       0x34 ./Middlewares/Third_Party/FreeRTOS/Source/CMSIS_RTOS_V2/cmsis_os2.o
                0x08008998                vApplicationGetTimerTaskMemory
 .text.vListInitialise
                0x080089cc       0x3e ./Middlewares/Third_Party/FreeRTOS/Source/list.o
                0x080089cc                vListInitialise
 .text.vListInitialiseItem
                0x08008a0a       0x18 ./Middlewares/Third_Party/FreeRTOS/Source/list.o
                0x08008a0a                vListInitialiseItem
 .text.vListInsertEnd
                0x08008a22       0x46 ./Middlewares/Third_Party/FreeRTOS/Source/list.o
                0x08008a22                vListInsertEnd
 .text.vListInsert
                0x08008a68       0x70 ./Middlewares/Third_Party/FreeRTOS/Source/list.o
                0x08008a68                vListInsert
 .text.uxListRemove
                0x08008ad8       0x52 ./Middlewares/Third_Party/FreeRTOS/Source/list.o
                0x08008ad8                uxListRemove
 *fill*         0x08008b2a        0x2 
 .text.xQueueGenericReset
                0x08008b2c       0xd4 ./Middlewares/Third_Party/FreeRTOS/Source/queue.o
                0x08008b2c                xQueueGenericReset
 .text.xQueueGenericCreateStatic
                0x08008c00       0xfa ./Middlewares/Third_Party/FreeRTOS/Source/queue.o
                0x08008c00                xQueueGenericCreateStatic
 .text.prvInitialiseNewQueue
                0x08008cfa       0x46 ./Middlewares/Third_Party/FreeRTOS/Source/queue.o
 .text.xQueueGenericSend
                0x08008d40      0x204 ./Middlewares/Third_Party/FreeRTOS/Source/queue.o
                0x08008d40                xQueueGenericSend
 .text.xQueueGenericSendFromISR
                0x08008f44      0x13c ./Middlewares/Third_Party/FreeRTOS/Source/queue.o
                0x08008f44                xQueueGenericSendFromISR
 .text.xQueueReceive
                0x08009080      0x1c4 ./Middlewares/Third_Party/FreeRTOS/Source/queue.o
                0x08009080                xQueueReceive
 .text.prvCopyDataToQueue
                0x08009244       0xd4 ./Middlewares/Third_Party/FreeRTOS/Source/queue.o
 .text.prvCopyDataFromQueue
                0x08009318       0x4c ./Middlewares/Third_Party/FreeRTOS/Source/queue.o
 .text.prvUnlockQueue
                0x08009364       0xa4 ./Middlewares/Third_Party/FreeRTOS/Source/queue.o
 .text.prvIsQueueEmpty
                0x08009408       0x2c ./Middlewares/Third_Party/FreeRTOS/Source/queue.o
 .text.prvIsQueueFull
                0x08009434       0x30 ./Middlewares/Third_Party/FreeRTOS/Source/queue.o
 .text.vQueueAddToRegistry
                0x08009464       0x50 ./Middlewares/Third_Party/FreeRTOS/Source/queue.o
                0x08009464                vQueueAddToRegistry
 .text.vQueueWaitForMessageRestricted
                0x080094b4       0x68 ./Middlewares/Third_Party/FreeRTOS/Source/queue.o
                0x080094b4                vQueueWaitForMessageRestricted
 .text.xTaskCreateStatic
                0x0800951c       0xc0 ./Middlewares/Third_Party/FreeRTOS/Source/tasks.o
                0x0800951c                xTaskCreateStatic
 .text.xTaskCreate
                0x080095dc       0x8a ./Middlewares/Third_Party/FreeRTOS/Source/tasks.o
                0x080095dc                xTaskCreate
 .text.prvInitialiseNewTask
                0x08009666      0x120 ./Middlewares/Third_Party/FreeRTOS/Source/tasks.o
 *fill*         0x08009786        0x2 
 .text.prvAddNewTaskToReadyList
                0x08009788       0xe0 ./Middlewares/Third_Party/FreeRTOS/Source/tasks.o
 .text.vTaskDelay
                0x08009868       0x6c ./Middlewares/Third_Party/FreeRTOS/Source/tasks.o
                0x08009868                vTaskDelay
 .text.vTaskStartScheduler
                0x080098d4       0xd0 ./Middlewares/Third_Party/FreeRTOS/Source/tasks.o
                0x080098d4                vTaskStartScheduler
 .text.vTaskSuspendAll
                0x080099a4       0x1c ./Middlewares/Third_Party/FreeRTOS/Source/tasks.o
                0x080099a4                vTaskSuspendAll
 .text.xTaskResumeAll
                0x080099c0      0x13c ./Middlewares/Third_Party/FreeRTOS/Source/tasks.o
                0x080099c0                xTaskResumeAll
 .text.xTaskGetTickCount
                0x08009afc       0x1c ./Middlewares/Third_Party/FreeRTOS/Source/tasks.o
                0x08009afc                xTaskGetTickCount
 .text.xTaskIncrementTick
                0x08009b18      0x174 ./Middlewares/Third_Party/FreeRTOS/Source/tasks.o
                0x08009b18                xTaskIncrementTick
 .text.vTaskSwitchContext
                0x08009c8c       0xbc ./Middlewares/Third_Party/FreeRTOS/Source/tasks.o
                0x08009c8c                vTaskSwitchContext
 .text.vTaskPlaceOnEventList
                0x08009d48       0x4c ./Middlewares/Third_Party/FreeRTOS/Source/tasks.o
                0x08009d48                vTaskPlaceOnEventList
 .text.vTaskPlaceOnEventListRestricted
                0x08009d94       0x58 ./Middlewares/Third_Party/FreeRTOS/Source/tasks.o
                0x08009d94                vTaskPlaceOnEventListRestricted
 .text.xTaskRemoveFromEventList
                0x08009dec       0xc8 ./Middlewares/Third_Party/FreeRTOS/Source/tasks.o
                0x08009dec                xTaskRemoveFromEventList
 .text.vTaskInternalSetTimeOutState
                0x08009eb4       0x2c ./Middlewares/Third_Party/FreeRTOS/Source/tasks.o
                0x08009eb4                vTaskInternalSetTimeOutState
 .text.xTaskCheckForTimeOut
                0x08009ee0       0xc8 ./Middlewares/Third_Party/FreeRTOS/Source/tasks.o
                0x08009ee0                xTaskCheckForTimeOut
 .text.vTaskMissedYield
                0x08009fa8       0x18 ./Middlewares/Third_Party/FreeRTOS/Source/tasks.o
                0x08009fa8                vTaskMissedYield
 .text.prvIdleTask
                0x08009fc0       0x30 ./Middlewares/Third_Party/FreeRTOS/Source/tasks.o
 .text.prvInitialiseTaskLists
                0x08009ff0       0x80 ./Middlewares/Third_Party/FreeRTOS/Source/tasks.o
 .text.prvCheckTasksWaitingTermination
                0x0800a070       0x5c ./Middlewares/Third_Party/FreeRTOS/Source/tasks.o
 .text.prvDeleteTCB
                0x0800a0cc       0x60 ./Middlewares/Third_Party/FreeRTOS/Source/tasks.o
 .text.prvResetNextTaskUnblockTime
                0x0800a12c       0x40 ./Middlewares/Third_Party/FreeRTOS/Source/tasks.o
 .text.xTaskGetSchedulerState
                0x0800a16c       0x3c ./Middlewares/Third_Party/FreeRTOS/Source/tasks.o
                0x0800a16c                xTaskGetSchedulerState
 .text.xTaskPriorityDisinherit
                0x0800a1a8       0xe0 ./Middlewares/Third_Party/FreeRTOS/Source/tasks.o
                0x0800a1a8                xTaskPriorityDisinherit
 .text.xTaskNotifyWait
                0x0800a288       0xb4 ./Middlewares/Third_Party/FreeRTOS/Source/tasks.o
                0x0800a288                xTaskNotifyWait
 .text.xTaskGenericNotify
                0x0800a33c      0x174 ./Middlewares/Third_Party/FreeRTOS/Source/tasks.o
                0x0800a33c                xTaskGenericNotify
 .text.xTaskGenericNotifyFromISR
                0x0800a4b0      0x1c0 ./Middlewares/Third_Party/FreeRTOS/Source/tasks.o
                0x0800a4b0                xTaskGenericNotifyFromISR
 .text.prvAddCurrentTaskToDelayedList
                0x0800a670       0xa8 ./Middlewares/Third_Party/FreeRTOS/Source/tasks.o
 .text.xTimerCreateTimerTask
                0x0800a718       0x94 ./Middlewares/Third_Party/FreeRTOS/Source/timers.o
                0x0800a718                xTimerCreateTimerTask
 .text.xTimerGenericCommand
                0x0800a7ac       0x9c ./Middlewares/Third_Party/FreeRTOS/Source/timers.o
                0x0800a7ac                xTimerGenericCommand
 .text.prvProcessExpiredTimer
                0x0800a848       0x9c ./Middlewares/Third_Party/FreeRTOS/Source/timers.o
 .text.prvTimerTask
                0x0800a8e4       0x26 ./Middlewares/Third_Party/FreeRTOS/Source/timers.o
 *fill*         0x0800a90a        0x2 
 .text.prvProcessTimerOrBlockTask
                0x0800a90c       0x9c ./Middlewares/Third_Party/FreeRTOS/Source/timers.o
 .text.prvGetNextExpireTime
                0x0800a9a8       0x44 ./Middlewares/Third_Party/FreeRTOS/Source/timers.o
 .text.prvSampleTimeNow
                0x0800a9ec       0x40 ./Middlewares/Third_Party/FreeRTOS/Source/timers.o
 .text.prvInsertTimerInActiveList
                0x0800aa2c       0x84 ./Middlewares/Third_Party/FreeRTOS/Source/timers.o
 .text.prvProcessReceivedCommands
                0x0800aab0      0x1cc ./Middlewares/Third_Party/FreeRTOS/Source/timers.o
 .text.prvSwitchTimerLists
                0x0800ac7c       0xcc ./Middlewares/Third_Party/FreeRTOS/Source/timers.o
 .text.prvCheckForValidListAndQueue
                0x0800ad48       0x80 ./Middlewares/Third_Party/FreeRTOS/Source/timers.o
 .text.pxPortInitialiseStack
                0x0800adc8       0x58 ./Middlewares/Third_Party/FreeRTOS/Source/portable/GCC/ARM_CM3/port.o
                0x0800adc8                pxPortInitialiseStack
 .text.prvTaskExitError
                0x0800ae20       0x58 ./Middlewares/Third_Party/FreeRTOS/Source/portable/GCC/ARM_CM3/port.o
 *fill*         0x0800ae78        0x8 
 .text.SVC_Handler
                0x0800ae80       0x28 ./Middlewares/Third_Party/FreeRTOS/Source/portable/GCC/ARM_CM3/port.o
                0x0800ae80                SVC_Handler
 .text.prvPortStartFirstTask
                0x0800aea8       0x20 ./Middlewares/Third_Party/FreeRTOS/Source/portable/GCC/ARM_CM3/port.o
 .text.xPortStartScheduler
                0x0800aec8       0xe4 ./Middlewares/Third_Party/FreeRTOS/Source/portable/GCC/ARM_CM3/port.o
                0x0800aec8                xPortStartScheduler
 .text.vPortEnterCritical
                0x0800afac       0x60 ./Middlewares/Third_Party/FreeRTOS/Source/portable/GCC/ARM_CM3/port.o
                0x0800afac                vPortEnterCritical
 .text.vPortExitCritical
                0x0800b00c       0x54 ./Middlewares/Third_Party/FreeRTOS/Source/portable/GCC/ARM_CM3/port.o
                0x0800b00c                vPortExitCritical
 .text.PendSV_Handler
                0x0800b060       0x48 ./Middlewares/Third_Party/FreeRTOS/Source/portable/GCC/ARM_CM3/port.o
                0x0800b060                PendSV_Handler
 .text.xPortSysTickHandler
                0x0800b0a8       0x44 ./Middlewares/Third_Party/FreeRTOS/Source/portable/GCC/ARM_CM3/port.o
                0x0800b0a8                xPortSysTickHandler
 .text.vPortSetupTimerInterrupt
                0x0800b0ec       0x44 ./Middlewares/Third_Party/FreeRTOS/Source/portable/GCC/ARM_CM3/port.o
                0x0800b0ec                vPortSetupTimerInterrupt
 .text.vPortValidateInterruptPriority
                0x0800b130       0x80 ./Middlewares/Third_Party/FreeRTOS/Source/portable/GCC/ARM_CM3/port.o
                0x0800b130                vPortValidateInterruptPriority
 .text.pvPortMalloc
                0x0800b1b0      0x19c ./Middlewares/Third_Party/FreeRTOS/Source/portable/MemMang/heap_4.o
                0x0800b1b0                pvPortMalloc
 .text.vPortFree
                0x0800b34c       0xc8 ./Middlewares/Third_Party/FreeRTOS/Source/portable/MemMang/heap_4.o
                0x0800b34c                vPortFree
 .text.prvHeapInit
                0x0800b414       0xc4 ./Middlewares/Third_Party/FreeRTOS/Source/portable/MemMang/heap_4.o
 .text.prvInsertBlockIntoFreeList
                0x0800b4d8       0xb0 ./Middlewares/Third_Party/FreeRTOS/Source/portable/MemMang/heap_4.o
 .text.malloc   0x0800b588       0x10 C:/ST/STM32CubeIDE_1.19.0/STM32CubeIDE/plugins/com.st.stm32cube.ide.mcu.externaltools.gnu-tools-for-stm32.13.3.rel1.win32_1.0.0.202411081344/tools/bin/../lib/gcc/arm-none-eabi/13.3.1/../../../../arm-none-eabi/lib/thumb/v7-m/nofp\libc_nano.a(libc_a-malloc.o)
                0x0800b588                malloc
 .text.free     0x0800b598       0x10 C:/ST/STM32CubeIDE_1.19.0/STM32CubeIDE/plugins/com.st.stm32cube.ide.mcu.externaltools.gnu-tools-for-stm32.13.3.rel1.win32_1.0.0.202411081344/tools/bin/../lib/gcc/arm-none-eabi/13.3.1/../../../../arm-none-eabi/lib/thumb/v7-m/nofp\libc_nano.a(libc_a-malloc.o)
                0x0800b598                free
 .text.sbrk_aligned
                0x0800b5a8       0x44 C:/ST/STM32CubeIDE_1.19.0/STM32CubeIDE/plugins/com.st.stm32cube.ide.mcu.externaltools.gnu-tools-for-stm32.13.3.rel1.win32_1.0.0.202411081344/tools/bin/../lib/gcc/arm-none-eabi/13.3.1/../../../../arm-none-eabi/lib/thumb/v7-m/nofp\libc_nano.a(libc_a-mallocr.o)
 .text._malloc_r
                0x0800b5ec      0x100 C:/ST/STM32CubeIDE_1.19.0/STM32CubeIDE/plugins/com.st.stm32cube.ide.mcu.externaltools.gnu-tools-for-stm32.13.3.rel1.win32_1.0.0.202411081344/tools/bin/../lib/gcc/arm-none-eabi/13.3.1/../../../../arm-none-eabi/lib/thumb/v7-m/nofp\libc_nano.a(libc_a-mallocr.o)
                0x0800b5ec                _malloc_r
 .text.__malloc_lock
                0x0800b6ec        0xc C:/ST/STM32CubeIDE_1.19.0/STM32CubeIDE/plugins/com.st.stm32cube.ide.mcu.externaltools.gnu-tools-for-stm32.13.3.rel1.win32_1.0.0.202411081344/tools/bin/../lib/gcc/arm-none-eabi/13.3.1/../../../../arm-none-eabi/lib/thumb/v7-m/nofp\libc_nano.a(libc_a-mlock.o)
                0x0800b6ec                __malloc_lock
 .text.__malloc_unlock
                0x0800b6f8        0xc C:/ST/STM32CubeIDE_1.19.0/STM32CubeIDE/plugins/com.st.stm32cube.ide.mcu.externaltools.gnu-tools-for-stm32.13.3.rel1.win32_1.0.0.202411081344/tools/bin/../lib/gcc/arm-none-eabi/13.3.1/../../../../arm-none-eabi/lib/thumb/v7-m/nofp\libc_nano.a(libc_a-mlock.o)
                0x0800b6f8                __malloc_unlock
 .text.realloc  0x0800b704       0x10 C:/ST/STM32CubeIDE_1.19.0/STM32CubeIDE/plugins/com.st.stm32cube.ide.mcu.externaltools.gnu-tools-for-stm32.13.3.rel1.win32_1.0.0.202411081344/tools/bin/../lib/gcc/arm-none-eabi/13.3.1/../../../../arm-none-eabi/lib/thumb/v7-m/nofp\libc_nano.a(libc_a-realloc.o)
                0x0800b704                realloc
 .text._realloc_r
                0x0800b714       0x5c C:/ST/STM32CubeIDE_1.19.0/STM32CubeIDE/plugins/com.st.stm32cube.ide.mcu.externaltools.gnu-tools-for-stm32.13.3.rel1.win32_1.0.0.202411081344/tools/bin/../lib/gcc/arm-none-eabi/13.3.1/../../../../arm-none-eabi/lib/thumb/v7-m/nofp\libc_nano.a(libc_a-reallocr.o)
                0x0800b714                _realloc_r
 .text.sulp     0x0800b770       0x42 C:/ST/STM32CubeIDE_1.19.0/STM32CubeIDE/plugins/com.st.stm32cube.ide.mcu.externaltools.gnu-tools-for-stm32.13.3.rel1.win32_1.0.0.202411081344/tools/bin/../lib/gcc/arm-none-eabi/13.3.1/../../../../arm-none-eabi/lib/thumb/v7-m/nofp\libc_nano.a(libc_a-strtod.o)
 *fill*         0x0800b7b2        0x6 
 .text._strtod_l
                0x0800b7b8      0xbb0 C:/ST/STM32CubeIDE_1.19.0/STM32CubeIDE/plugins/com.st.stm32cube.ide.mcu.externaltools.gnu-tools-for-stm32.13.3.rel1.win32_1.0.0.202411081344/tools/bin/../lib/gcc/arm-none-eabi/13.3.1/../../../../arm-none-eabi/lib/thumb/v7-m/nofp\libc_nano.a(libc_a-strtod.o)
                0x0800b7b8                _strtod_l
 .text.strtod   0x0800c368       0x18 C:/ST/STM32CubeIDE_1.19.0/STM32CubeIDE/plugins/com.st.stm32cube.ide.mcu.externaltools.gnu-tools-for-stm32.13.3.rel1.win32_1.0.0.202411081344/tools/bin/../lib/gcc/arm-none-eabi/13.3.1/../../../../arm-none-eabi/lib/thumb/v7-m/nofp\libc_nano.a(libc_a-strtod.o)
                0x0800c368                strtod
 .text.__cvt    0x0800c380       0xc8 C:/ST/STM32CubeIDE_1.19.0/STM32CubeIDE/plugins/com.st.stm32cube.ide.mcu.externaltools.gnu-tools-for-stm32.13.3.rel1.win32_1.0.0.202411081344/tools/bin/../lib/gcc/arm-none-eabi/13.3.1/../../../../arm-none-eabi/lib/thumb/v7-m/nofp\libc_nano.a(libc_a-nano-vfprintf_float.o)
                0x0800c380                __cvt
 .text.__exponent
                0x0800c448       0x74 C:/ST/STM32CubeIDE_1.19.0/STM32CubeIDE/plugins/com.st.stm32cube.ide.mcu.externaltools.gnu-tools-for-stm32.13.3.rel1.win32_1.0.0.202411081344/tools/bin/../lib/gcc/arm-none-eabi/13.3.1/../../../../arm-none-eabi/lib/thumb/v7-m/nofp\libc_nano.a(libc_a-nano-vfprintf_float.o)
                0x0800c448                __exponent
 .text._printf_float
                0x0800c4bc      0x458 C:/ST/STM32CubeIDE_1.19.0/STM32CubeIDE/plugins/com.st.stm32cube.ide.mcu.externaltools.gnu-tools-for-stm32.13.3.rel1.win32_1.0.0.202411081344/tools/bin/../lib/gcc/arm-none-eabi/13.3.1/../../../../arm-none-eabi/lib/thumb/v7-m/nofp\libc_nano.a(libc_a-nano-vfprintf_float.o)
                0x0800c4bc                _printf_float
 .text._printf_common
                0x0800c914       0xe4 C:/ST/STM32CubeIDE_1.19.0/STM32CubeIDE/plugins/com.st.stm32cube.ide.mcu.externaltools.gnu-tools-for-stm32.13.3.rel1.win32_1.0.0.202411081344/tools/bin/../lib/gcc/arm-none-eabi/13.3.1/../../../../arm-none-eabi/lib/thumb/v7-m/nofp\libc_nano.a(libc_a-nano-vfprintf_i.o)
                0x0800c914                _printf_common
 .text._printf_i
                0x0800c9f8      0x23c C:/ST/STM32CubeIDE_1.19.0/STM32CubeIDE/plugins/com.st.stm32cube.ide.mcu.externaltools.gnu-tools-for-stm32.13.3.rel1.win32_1.0.0.202411081344/tools/bin/../lib/gcc/arm-none-eabi/13.3.1/../../../../arm-none-eabi/lib/thumb/v7-m/nofp\libc_nano.a(libc_a-nano-vfprintf_i.o)
                0x0800c9f8                _printf_i
 .text.std      0x0800cc34       0x6c C:/ST/STM32CubeIDE_1.19.0/STM32CubeIDE/plugins/com.st.stm32cube.ide.mcu.externaltools.gnu-tools-for-stm32.13.3.rel1.win32_1.0.0.202411081344/tools/bin/../lib/gcc/arm-none-eabi/13.3.1/../../../../arm-none-eabi/lib/thumb/v7-m/nofp\libc_nano.a(libc_a-findfp.o)
 .text.stdio_exit_handler
                0x0800cca0       0x18 C:/ST/STM32CubeIDE_1.19.0/STM32CubeIDE/plugins/com.st.stm32cube.ide.mcu.externaltools.gnu-tools-for-stm32.13.3.rel1.win32_1.0.0.202411081344/tools/bin/../lib/gcc/arm-none-eabi/13.3.1/../../../../arm-none-eabi/lib/thumb/v7-m/nofp\libc_nano.a(libc_a-findfp.o)
 .text.cleanup_stdio
                0x0800ccb8       0x40 C:/ST/STM32CubeIDE_1.19.0/STM32CubeIDE/plugins/com.st.stm32cube.ide.mcu.externaltools.gnu-tools-for-stm32.13.3.rel1.win32_1.0.0.202411081344/tools/bin/../lib/gcc/arm-none-eabi/13.3.1/../../../../arm-none-eabi/lib/thumb/v7-m/nofp\libc_nano.a(libc_a-findfp.o)
 .text.global_stdio_init.part.0
                0x0800ccf8       0x3c C:/ST/STM32CubeIDE_1.19.0/STM32CubeIDE/plugins/com.st.stm32cube.ide.mcu.externaltools.gnu-tools-for-stm32.13.3.rel1.win32_1.0.0.202411081344/tools/bin/../lib/gcc/arm-none-eabi/13.3.1/../../../../arm-none-eabi/lib/thumb/v7-m/nofp\libc_nano.a(libc_a-findfp.o)
 .text.__sfp_lock_acquire
                0x0800cd34        0xc C:/ST/STM32CubeIDE_1.19.0/STM32CubeIDE/plugins/com.st.stm32cube.ide.mcu.externaltools.gnu-tools-for-stm32.13.3.rel1.win32_1.0.0.202411081344/tools/bin/../lib/gcc/arm-none-eabi/13.3.1/../../../../arm-none-eabi/lib/thumb/v7-m/nofp\libc_nano.a(libc_a-findfp.o)
                0x0800cd34                __sfp_lock_acquire
 .text.__sfp_lock_release
                0x0800cd40        0xc C:/ST/STM32CubeIDE_1.19.0/STM32CubeIDE/plugins/com.st.stm32cube.ide.mcu.externaltools.gnu-tools-for-stm32.13.3.rel1.win32_1.0.0.202411081344/tools/bin/../lib/gcc/arm-none-eabi/13.3.1/../../../../arm-none-eabi/lib/thumb/v7-m/nofp\libc_nano.a(libc_a-findfp.o)
                0x0800cd40                __sfp_lock_release
 .text.__sinit  0x0800cd4c       0x30 C:/ST/STM32CubeIDE_1.19.0/STM32CubeIDE/plugins/com.st.stm32cube.ide.mcu.externaltools.gnu-tools-for-stm32.13.3.rel1.win32_1.0.0.202411081344/tools/bin/../lib/gcc/arm-none-eabi/13.3.1/../../../../arm-none-eabi/lib/thumb/v7-m/nofp\libc_nano.a(libc_a-findfp.o)
                0x0800cd4c                __sinit
 .text._fwalk_sglue
                0x0800cd7c       0x3c C:/ST/STM32CubeIDE_1.19.0/STM32CubeIDE/plugins/com.st.stm32cube.ide.mcu.externaltools.gnu-tools-for-stm32.13.3.rel1.win32_1.0.0.202411081344/tools/bin/../lib/gcc/arm-none-eabi/13.3.1/../../../../arm-none-eabi/lib/thumb/v7-m/nofp\libc_nano.a(libc_a-fwalk.o)
                0x0800cd7c                _fwalk_sglue
 .text.sprintf  0x0800cdb8       0x44 C:/ST/STM32CubeIDE_1.19.0/STM32CubeIDE/plugins/com.st.stm32cube.ide.mcu.externaltools.gnu-tools-for-stm32.13.3.rel1.win32_1.0.0.202411081344/tools/bin/../lib/gcc/arm-none-eabi/13.3.1/../../../../arm-none-eabi/lib/thumb/v7-m/nofp\libc_nano.a(libc_a-sprintf.o)
                0x0800cdb8                siprintf
                0x0800cdb8                sprintf
 .text.__sread  0x0800cdfc       0x22 C:/ST/STM32CubeIDE_1.19.0/STM32CubeIDE/plugins/com.st.stm32cube.ide.mcu.externaltools.gnu-tools-for-stm32.13.3.rel1.win32_1.0.0.202411081344/tools/bin/../lib/gcc/arm-none-eabi/13.3.1/../../../../arm-none-eabi/lib/thumb/v7-m/nofp\libc_nano.a(libc_a-stdio.o)
                0x0800cdfc                __sread
 .text.__swrite
                0x0800ce1e       0x38 C:/ST/STM32CubeIDE_1.19.0/STM32CubeIDE/plugins/com.st.stm32cube.ide.mcu.externaltools.gnu-tools-for-stm32.13.3.rel1.win32_1.0.0.202411081344/tools/bin/../lib/gcc/arm-none-eabi/13.3.1/../../../../arm-none-eabi/lib/thumb/v7-m/nofp\libc_nano.a(libc_a-stdio.o)
                0x0800ce1e                __swrite
 .text.__sseek  0x0800ce56       0x24 C:/ST/STM32CubeIDE_1.19.0/STM32CubeIDE/plugins/com.st.stm32cube.ide.mcu.externaltools.gnu-tools-for-stm32.13.3.rel1.win32_1.0.0.202411081344/tools/bin/../lib/gcc/arm-none-eabi/13.3.1/../../../../arm-none-eabi/lib/thumb/v7-m/nofp\libc_nano.a(libc_a-stdio.o)
                0x0800ce56                __sseek
 .text.__sclose
                0x0800ce7a        0x8 C:/ST/STM32CubeIDE_1.19.0/STM32CubeIDE/plugins/com.st.stm32cube.ide.mcu.externaltools.gnu-tools-for-stm32.13.3.rel1.win32_1.0.0.202411081344/tools/bin/../lib/gcc/arm-none-eabi/13.3.1/../../../../arm-none-eabi/lib/thumb/v7-m/nofp\libc_nano.a(libc_a-stdio.o)
                0x0800ce7a                __sclose
 .text.memset   0x0800ce82       0x10 C:/ST/STM32CubeIDE_1.19.0/STM32CubeIDE/plugins/com.st.stm32cube.ide.mcu.externaltools.gnu-tools-for-stm32.13.3.rel1.win32_1.0.0.202411081344/tools/bin/../lib/gcc/arm-none-eabi/13.3.1/../../../../arm-none-eabi/lib/thumb/v7-m/nofp\libc_nano.a(libc_a-memset.o)
                0x0800ce82                memset
 *fill*         0x0800ce92        0x2 
 .text.strdup   0x0800ce94       0x10 C:/ST/STM32CubeIDE_1.19.0/STM32CubeIDE/plugins/com.st.stm32cube.ide.mcu.externaltools.gnu-tools-for-stm32.13.3.rel1.win32_1.0.0.202411081344/tools/bin/../lib/gcc/arm-none-eabi/13.3.1/../../../../arm-none-eabi/lib/thumb/v7-m/nofp\libc_nano.a(libc_a-strdup.o)
                0x0800ce94                strdup
 .text._strdup_r
                0x0800cea4       0x26 C:/ST/STM32CubeIDE_1.19.0/STM32CubeIDE/plugins/com.st.stm32cube.ide.mcu.externaltools.gnu-tools-for-stm32.13.3.rel1.win32_1.0.0.202411081344/tools/bin/../lib/gcc/arm-none-eabi/13.3.1/../../../../arm-none-eabi/lib/thumb/v7-m/nofp\libc_nano.a(libc_a-strdup_r.o)
                0x0800cea4                _strdup_r
 .text.strncmp  0x0800ceca       0x24 C:/ST/STM32CubeIDE_1.19.0/STM32CubeIDE/plugins/com.st.stm32cube.ide.mcu.externaltools.gnu-tools-for-stm32.13.3.rel1.win32_1.0.0.202411081344/tools/bin/../lib/gcc/arm-none-eabi/13.3.1/../../../../arm-none-eabi/lib/thumb/v7-m/nofp\libc_nano.a(libc_a-strncmp.o)
                0x0800ceca                strncmp
 *fill*         0x0800ceee        0x2 
 .text._localeconv_r
                0x0800cef0        0x8 C:/ST/STM32CubeIDE_1.19.0/STM32CubeIDE/plugins/com.st.stm32cube.ide.mcu.externaltools.gnu-tools-for-stm32.13.3.rel1.win32_1.0.0.202411081344/tools/bin/../lib/gcc/arm-none-eabi/13.3.1/../../../../arm-none-eabi/lib/thumb/v7-m/nofp\libc_nano.a(libc_a-localeconv.o)
                0x0800cef0                _localeconv_r
 .text._close_r
                0x0800cef8       0x20 C:/ST/STM32CubeIDE_1.19.0/STM32CubeIDE/plugins/com.st.stm32cube.ide.mcu.externaltools.gnu-tools-for-stm32.13.3.rel1.win32_1.0.0.202411081344/tools/bin/../lib/gcc/arm-none-eabi/13.3.1/../../../../arm-none-eabi/lib/thumb/v7-m/nofp\libc_nano.a(libc_a-closer.o)
                0x0800cef8                _close_r
 .text._lseek_r
                0x0800cf18       0x24 C:/ST/STM32CubeIDE_1.19.0/STM32CubeIDE/plugins/com.st.stm32cube.ide.mcu.externaltools.gnu-tools-for-stm32.13.3.rel1.win32_1.0.0.202411081344/tools/bin/../lib/gcc/arm-none-eabi/13.3.1/../../../../arm-none-eabi/lib/thumb/v7-m/nofp\libc_nano.a(libc_a-lseekr.o)
                0x0800cf18                _lseek_r
 .text._read_r  0x0800cf3c       0x24 C:/ST/STM32CubeIDE_1.19.0/STM32CubeIDE/plugins/com.st.stm32cube.ide.mcu.externaltools.gnu-tools-for-stm32.13.3.rel1.win32_1.0.0.202411081344/tools/bin/../lib/gcc/arm-none-eabi/13.3.1/../../../../arm-none-eabi/lib/thumb/v7-m/nofp\libc_nano.a(libc_a-readr.o)
                0x0800cf3c                _read_r
 .text._sbrk_r  0x0800cf60       0x20 C:/ST/STM32CubeIDE_1.19.0/STM32CubeIDE/plugins/com.st.stm32cube.ide.mcu.externaltools.gnu-tools-for-stm32.13.3.rel1.win32_1.0.0.202411081344/tools/bin/../lib/gcc/arm-none-eabi/13.3.1/../../../../arm-none-eabi/lib/thumb/v7-m/nofp\libc_nano.a(libc_a-sbrkr.o)
                0x0800cf60                _sbrk_r
 .text._write_r
                0x0800cf80       0x24 C:/ST/STM32CubeIDE_1.19.0/STM32CubeIDE/plugins/com.st.stm32cube.ide.mcu.externaltools.gnu-tools-for-stm32.13.3.rel1.win32_1.0.0.202411081344/tools/bin/../lib/gcc/arm-none-eabi/13.3.1/../../../../arm-none-eabi/lib/thumb/v7-m/nofp\libc_nano.a(libc_a-writer.o)
                0x0800cf80                _write_r
 .text.__errno  0x0800cfa4        0xc C:/ST/STM32CubeIDE_1.19.0/STM32CubeIDE/plugins/com.st.stm32cube.ide.mcu.externaltools.gnu-tools-for-stm32.13.3.rel1.win32_1.0.0.202411081344/tools/bin/../lib/gcc/arm-none-eabi/13.3.1/../../../../arm-none-eabi/lib/thumb/v7-m/nofp\libc_nano.a(libc_a-errno.o)
                0x0800cfa4                __errno
 .text.__libc_init_array
                0x0800cfb0       0x48 C:/ST/STM32CubeIDE_1.19.0/STM32CubeIDE/plugins/com.st.stm32cube.ide.mcu.externaltools.gnu-tools-for-stm32.13.3.rel1.win32_1.0.0.202411081344/tools/bin/../lib/gcc/arm-none-eabi/13.3.1/../../../../arm-none-eabi/lib/thumb/v7-m/nofp\libc_nano.a(libc_a-init.o)
                0x0800cfb0                __libc_init_array
 .text.__retarget_lock_init_recursive
                0x0800cff8        0x2 C:/ST/STM32CubeIDE_1.19.0/STM32CubeIDE/plugins/com.st.stm32cube.ide.mcu.externaltools.gnu-tools-for-stm32.13.3.rel1.win32_1.0.0.202411081344/tools/bin/../lib/gcc/arm-none-eabi/13.3.1/../../../../arm-none-eabi/lib/thumb/v7-m/nofp\libc_nano.a(libc_a-lock.o)
                0x0800cff8                __retarget_lock_init_recursive
 .text.__retarget_lock_acquire_recursive
                0x0800cffa        0x2 C:/ST/STM32CubeIDE_1.19.0/STM32CubeIDE/plugins/com.st.stm32cube.ide.mcu.externaltools.gnu-tools-for-stm32.13.3.rel1.win32_1.0.0.202411081344/tools/bin/../lib/gcc/arm-none-eabi/13.3.1/../../../../arm-none-eabi/lib/thumb/v7-m/nofp\libc_nano.a(libc_a-lock.o)
                0x0800cffa                __retarget_lock_acquire_recursive
 .text.__retarget_lock_release_recursive
                0x0800cffc        0x2 C:/ST/STM32CubeIDE_1.19.0/STM32CubeIDE/plugins/com.st.stm32cube.ide.mcu.externaltools.gnu-tools-for-stm32.13.3.rel1.win32_1.0.0.202411081344/tools/bin/../lib/gcc/arm-none-eabi/13.3.1/../../../../arm-none-eabi/lib/thumb/v7-m/nofp\libc_nano.a(libc_a-lock.o)
                0x0800cffc                __retarget_lock_release_recursive
 .text.strcpy   0x0800cffe       0x10 C:/ST/STM32CubeIDE_1.19.0/STM32CubeIDE/plugins/com.st.stm32cube.ide.mcu.externaltools.gnu-tools-for-stm32.13.3.rel1.win32_1.0.0.202411081344/tools/bin/../lib/gcc/arm-none-eabi/13.3.1/../../../../arm-none-eabi/lib/thumb/v7-m/nofp\libc_nano.a(libc_a-strcpy.o)
                0x0800cffe                strcpy
 .text.memchr   0x0800d00e       0x1c C:/ST/STM32CubeIDE_1.19.0/STM32CubeIDE/plugins/com.st.stm32cube.ide.mcu.externaltools.gnu-tools-for-stm32.13.3.rel1.win32_1.0.0.202411081344/tools/bin/../lib/gcc/arm-none-eabi/13.3.1/../../../../arm-none-eabi/lib/thumb/v7-m/nofp\libc_nano.a(libc_a-memchr-stub.o)
                0x0800d00e                memchr
 .text.memcpy   0x0800d02a       0x1c C:/ST/STM32CubeIDE_1.19.0/STM32CubeIDE/plugins/com.st.stm32cube.ide.mcu.externaltools.gnu-tools-for-stm32.13.3.rel1.win32_1.0.0.202411081344/tools/bin/../lib/gcc/arm-none-eabi/13.3.1/../../../../arm-none-eabi/lib/thumb/v7-m/nofp\libc_nano.a(libc_a-memcpy-stub.o)
                0x0800d02a                memcpy
 *fill*         0x0800d046        0x2 
 .text.nan      0x0800d048        0xc C:/ST/STM32CubeIDE_1.19.0/STM32CubeIDE/plugins/com.st.stm32cube.ide.mcu.externaltools.gnu-tools-for-stm32.13.3.rel1.win32_1.0.0.202411081344/tools/bin/../lib/gcc/arm-none-eabi/13.3.1/../../../../arm-none-eabi/lib/thumb/v7-m/nofp\libc_nano.a(libm_a-s_nan.o)
                0x0800d048                nan
 .text.quorem   0x0800d054      0x110 C:/ST/STM32CubeIDE_1.19.0/STM32CubeIDE/plugins/com.st.stm32cube.ide.mcu.externaltools.gnu-tools-for-stm32.13.3.rel1.win32_1.0.0.202411081344/tools/bin/../lib/gcc/arm-none-eabi/13.3.1/../../../../arm-none-eabi/lib/thumb/v7-m/nofp\libc_nano.a(libc_a-dtoa.o)
 *fill*         0x0800d164        0x4 
 .text._dtoa_r  0x0800d168      0xba8 C:/ST/STM32CubeIDE_1.19.0/STM32CubeIDE/plugins/com.st.stm32cube.ide.mcu.externaltools.gnu-tools-for-stm32.13.3.rel1.win32_1.0.0.202411081344/tools/bin/../lib/gcc/arm-none-eabi/13.3.1/../../../../arm-none-eabi/lib/thumb/v7-m/nofp\libc_nano.a(libc_a-dtoa.o)
                0x0800d168                _dtoa_r
 .text._free_r  0x0800dd10       0x90 C:/ST/STM32CubeIDE_1.19.0/STM32CubeIDE/plugins/com.st.stm32cube.ide.mcu.externaltools.gnu-tools-for-stm32.13.3.rel1.win32_1.0.0.202411081344/tools/bin/../lib/gcc/arm-none-eabi/13.3.1/../../../../arm-none-eabi/lib/thumb/v7-m/nofp\libc_nano.a(libc_a-freer.o)
                0x0800dd10                _free_r
 .text.rshift   0x0800dda0       0xa6 C:/ST/STM32CubeIDE_1.19.0/STM32CubeIDE/plugins/com.st.stm32cube.ide.mcu.externaltools.gnu-tools-for-stm32.13.3.rel1.win32_1.0.0.202411081344/tools/bin/../lib/gcc/arm-none-eabi/13.3.1/../../../../arm-none-eabi/lib/thumb/v7-m/nofp\libc_nano.a(libc_a-gdtoa-gethex.o)
 .text.__hexdig_fun
                0x0800de46       0x2a C:/ST/STM32CubeIDE_1.19.0/STM32CubeIDE/plugins/com.st.stm32cube.ide.mcu.externaltools.gnu-tools-for-stm32.13.3.rel1.win32_1.0.0.202411081344/tools/bin/../lib/gcc/arm-none-eabi/13.3.1/../../../../arm-none-eabi/lib/thumb/v7-m/nofp\libc_nano.a(libc_a-gdtoa-gethex.o)
                0x0800de46                __hexdig_fun
 .text.__gethex
                0x0800de70      0x420 C:/ST/STM32CubeIDE_1.19.0/STM32CubeIDE/plugins/com.st.stm32cube.ide.mcu.externaltools.gnu-tools-for-stm32.13.3.rel1.win32_1.0.0.202411081344/tools/bin/../lib/gcc/arm-none-eabi/13.3.1/../../../../arm-none-eabi/lib/thumb/v7-m/nofp\libc_nano.a(libc_a-gdtoa-gethex.o)
                0x0800de70                __gethex
 .text.L_shift  0x0800e290       0x24 C:/ST/STM32CubeIDE_1.19.0/STM32CubeIDE/plugins/com.st.stm32cube.ide.mcu.externaltools.gnu-tools-for-stm32.13.3.rel1.win32_1.0.0.202411081344/tools/bin/../lib/gcc/arm-none-eabi/13.3.1/../../../../arm-none-eabi/lib/thumb/v7-m/nofp\libc_nano.a(libc_a-gdtoa-hexnan.o)
 .text.__match  0x0800e2b4       0x28 C:/ST/STM32CubeIDE_1.19.0/STM32CubeIDE/plugins/com.st.stm32cube.ide.mcu.externaltools.gnu-tools-for-stm32.13.3.rel1.win32_1.0.0.202411081344/tools/bin/../lib/gcc/arm-none-eabi/13.3.1/../../../../arm-none-eabi/lib/thumb/v7-m/nofp\libc_nano.a(libc_a-gdtoa-hexnan.o)
                0x0800e2b4                __match
 .text.__hexnan
                0x0800e2dc      0x136 C:/ST/STM32CubeIDE_1.19.0/STM32CubeIDE/plugins/com.st.stm32cube.ide.mcu.externaltools.gnu-tools-for-stm32.13.3.rel1.win32_1.0.0.202411081344/tools/bin/../lib/gcc/arm-none-eabi/13.3.1/../../../../arm-none-eabi/lib/thumb/v7-m/nofp\libc_nano.a(libc_a-gdtoa-hexnan.o)
                0x0800e2dc                __hexnan
 .text.__ascii_mbtowc
                0x0800e412       0x24 C:/ST/STM32CubeIDE_1.19.0/STM32CubeIDE/plugins/com.st.stm32cube.ide.mcu.externaltools.gnu-tools-for-stm32.13.3.rel1.win32_1.0.0.202411081344/tools/bin/../lib/gcc/arm-none-eabi/13.3.1/../../../../arm-none-eabi/lib/thumb/v7-m/nofp\libc_nano.a(libc_a-mbtowc_r.o)
                0x0800e412                __ascii_mbtowc
 *fill*         0x0800e436        0x2 
 .text._Balloc  0x0800e438       0x80 C:/ST/STM32CubeIDE_1.19.0/STM32CubeIDE/plugins/com.st.stm32cube.ide.mcu.externaltools.gnu-tools-for-stm32.13.3.rel1.win32_1.0.0.202411081344/tools/bin/../lib/gcc/arm-none-eabi/13.3.1/../../../../arm-none-eabi/lib/thumb/v7-m/nofp\libc_nano.a(libc_a-mprec.o)
                0x0800e438                _Balloc
 .text._Bfree   0x0800e4b8       0x44 C:/ST/STM32CubeIDE_1.19.0/STM32CubeIDE/plugins/com.st.stm32cube.ide.mcu.externaltools.gnu-tools-for-stm32.13.3.rel1.win32_1.0.0.202411081344/tools/bin/../lib/gcc/arm-none-eabi/13.3.1/../../../../arm-none-eabi/lib/thumb/v7-m/nofp\libc_nano.a(libc_a-mprec.o)
                0x0800e4b8                _Bfree
 .text.__multadd
                0x0800e4fc       0x8c C:/ST/STM32CubeIDE_1.19.0/STM32CubeIDE/plugins/com.st.stm32cube.ide.mcu.externaltools.gnu-tools-for-stm32.13.3.rel1.win32_1.0.0.202411081344/tools/bin/../lib/gcc/arm-none-eabi/13.3.1/../../../../arm-none-eabi/lib/thumb/v7-m/nofp\libc_nano.a(libc_a-mprec.o)
                0x0800e4fc                __multadd
 .text.__s2b    0x0800e588       0x94 C:/ST/STM32CubeIDE_1.19.0/STM32CubeIDE/plugins/com.st.stm32cube.ide.mcu.externaltools.gnu-tools-for-stm32.13.3.rel1.win32_1.0.0.202411081344/tools/bin/../lib/gcc/arm-none-eabi/13.3.1/../../../../arm-none-eabi/lib/thumb/v7-m/nofp\libc_nano.a(libc_a-mprec.o)
                0x0800e588                __s2b
 .text.__hi0bits
                0x0800e61c       0x3e C:/ST/STM32CubeIDE_1.19.0/STM32CubeIDE/plugins/com.st.stm32cube.ide.mcu.externaltools.gnu-tools-for-stm32.13.3.rel1.win32_1.0.0.202411081344/tools/bin/../lib/gcc/arm-none-eabi/13.3.1/../../../../arm-none-eabi/lib/thumb/v7-m/nofp\libc_nano.a(libc_a-mprec.o)
                0x0800e61c                __hi0bits
 .text.__lo0bits
                0x0800e65a       0x5a C:/ST/STM32CubeIDE_1.19.0/STM32CubeIDE/plugins/com.st.stm32cube.ide.mcu.externaltools.gnu-tools-for-stm32.13.3.rel1.win32_1.0.0.202411081344/tools/bin/../lib/gcc/arm-none-eabi/13.3.1/../../../../arm-none-eabi/lib/thumb/v7-m/nofp\libc_nano.a(libc_a-mprec.o)
                0x0800e65a                __lo0bits
 .text.__i2b    0x0800e6b4       0x2c C:/ST/STM32CubeIDE_1.19.0/STM32CubeIDE/plugins/com.st.stm32cube.ide.mcu.externaltools.gnu-tools-for-stm32.13.3.rel1.win32_1.0.0.202411081344/tools/bin/../lib/gcc/arm-none-eabi/13.3.1/../../../../arm-none-eabi/lib/thumb/v7-m/nofp\libc_nano.a(libc_a-mprec.o)
                0x0800e6b4                __i2b
 .text.__multiply
                0x0800e6e0      0x144 C:/ST/STM32CubeIDE_1.19.0/STM32CubeIDE/plugins/com.st.stm32cube.ide.mcu.externaltools.gnu-tools-for-stm32.13.3.rel1.win32_1.0.0.202411081344/tools/bin/../lib/gcc/arm-none-eabi/13.3.1/../../../../arm-none-eabi/lib/thumb/v7-m/nofp\libc_nano.a(libc_a-mprec.o)
                0x0800e6e0                __multiply
 .text.__pow5mult
                0x0800e824       0xb4 C:/ST/STM32CubeIDE_1.19.0/STM32CubeIDE/plugins/com.st.stm32cube.ide.mcu.externaltools.gnu-tools-for-stm32.13.3.rel1.win32_1.0.0.202411081344/tools/bin/../lib/gcc/arm-none-eabi/13.3.1/../../../../arm-none-eabi/lib/thumb/v7-m/nofp\libc_nano.a(libc_a-mprec.o)
                0x0800e824                __pow5mult
 .text.__lshift
                0x0800e8d8       0xd8 C:/ST/STM32CubeIDE_1.19.0/STM32CubeIDE/plugins/com.st.stm32cube.ide.mcu.externaltools.gnu-tools-for-stm32.13.3.rel1.win32_1.0.0.202411081344/tools/bin/../lib/gcc/arm-none-eabi/13.3.1/../../../../arm-none-eabi/lib/thumb/v7-m/nofp\libc_nano.a(libc_a-mprec.o)
                0x0800e8d8                __lshift
 .text.__mcmp   0x0800e9b0       0x36 C:/ST/STM32CubeIDE_1.19.0/STM32CubeIDE/plugins/com.st.stm32cube.ide.mcu.externaltools.gnu-tools-for-stm32.13.3.rel1.win32_1.0.0.202411081344/tools/bin/../lib/gcc/arm-none-eabi/13.3.1/../../../../arm-none-eabi/lib/thumb/v7-m/nofp\libc_nano.a(libc_a-mprec.o)
                0x0800e9b0                __mcmp
 *fill*         0x0800e9e6        0x2 
 .text.__mdiff  0x0800e9e8      0x128 C:/ST/STM32CubeIDE_1.19.0/STM32CubeIDE/plugins/com.st.stm32cube.ide.mcu.externaltools.gnu-tools-for-stm32.13.3.rel1.win32_1.0.0.202411081344/tools/bin/../lib/gcc/arm-none-eabi/13.3.1/../../../../arm-none-eabi/lib/thumb/v7-m/nofp\libc_nano.a(libc_a-mprec.o)
                0x0800e9e8                __mdiff
 .text.__ulp    0x0800eb10       0x40 C:/ST/STM32CubeIDE_1.19.0/STM32CubeIDE/plugins/com.st.stm32cube.ide.mcu.externaltools.gnu-tools-for-stm32.13.3.rel1.win32_1.0.0.202411081344/tools/bin/../lib/gcc/arm-none-eabi/13.3.1/../../../../arm-none-eabi/lib/thumb/v7-m/nofp\libc_nano.a(libc_a-mprec.o)
                0x0800eb10                __ulp
 .text.__b2d    0x0800eb50       0x90 C:/ST/STM32CubeIDE_1.19.0/STM32CubeIDE/plugins/com.st.stm32cube.ide.mcu.externaltools.gnu-tools-for-stm32.13.3.rel1.win32_1.0.0.202411081344/tools/bin/../lib/gcc/arm-none-eabi/13.3.1/../../../../arm-none-eabi/lib/thumb/v7-m/nofp\libc_nano.a(libc_a-mprec.o)
                0x0800eb50                __b2d
 .text.__d2b    0x0800ebe0       0xb0 C:/ST/STM32CubeIDE_1.19.0/STM32CubeIDE/plugins/com.st.stm32cube.ide.mcu.externaltools.gnu-tools-for-stm32.13.3.rel1.win32_1.0.0.202411081344/tools/bin/../lib/gcc/arm-none-eabi/13.3.1/../../../../arm-none-eabi/lib/thumb/v7-m/nofp\libc_nano.a(libc_a-mprec.o)
                0x0800ebe0                __d2b
 .text.__ratio  0x0800ec90       0x60 C:/ST/STM32CubeIDE_1.19.0/STM32CubeIDE/plugins/com.st.stm32cube.ide.mcu.externaltools.gnu-tools-for-stm32.13.3.rel1.win32_1.0.0.202411081344/tools/bin/../lib/gcc/arm-none-eabi/13.3.1/../../../../arm-none-eabi/lib/thumb/v7-m/nofp\libc_nano.a(libc_a-mprec.o)
                0x0800ec90                __ratio
 .text.__copybits
                0x0800ecf0       0x46 C:/ST/STM32CubeIDE_1.19.0/STM32CubeIDE/plugins/com.st.stm32cube.ide.mcu.externaltools.gnu-tools-for-stm32.13.3.rel1.win32_1.0.0.202411081344/tools/bin/../lib/gcc/arm-none-eabi/13.3.1/../../../../arm-none-eabi/lib/thumb/v7-m/nofp\libc_nano.a(libc_a-mprec.o)
                0x0800ecf0                __copybits
 .text.__any_on
                0x0800ed36       0x42 C:/ST/STM32CubeIDE_1.19.0/STM32CubeIDE/plugins/com.st.stm32cube.ide.mcu.externaltools.gnu-tools-for-stm32.13.3.rel1.win32_1.0.0.202411081344/tools/bin/../lib/gcc/arm-none-eabi/13.3.1/../../../../arm-none-eabi/lib/thumb/v7-m/nofp\libc_nano.a(libc_a-mprec.o)
                0x0800ed36                __any_on
 .text._malloc_usable_size_r
                0x0800ed78       0x10 C:/ST/STM32CubeIDE_1.19.0/STM32CubeIDE/plugins/com.st.stm32cube.ide.mcu.externaltools.gnu-tools-for-stm32.13.3.rel1.win32_1.0.0.202411081344/tools/bin/../lib/gcc/arm-none-eabi/13.3.1/../../../../arm-none-eabi/lib/thumb/v7-m/nofp\libc_nano.a(libc_a-msizer.o)
                0x0800ed78                _malloc_usable_size_r
 .text.__ascii_wctomb
                0x0800ed88       0x1a C:/ST/STM32CubeIDE_1.19.0/STM32CubeIDE/plugins/com.st.stm32cube.ide.mcu.externaltools.gnu-tools-for-stm32.13.3.rel1.win32_1.0.0.202411081344/tools/bin/../lib/gcc/arm-none-eabi/13.3.1/../../../../arm-none-eabi/lib/thumb/v7-m/nofp\libc_nano.a(libc_a-wctomb_r.o)
                0x0800ed88                __ascii_wctomb
 .text.__ssputs_r
                0x0800eda2       0xb6 C:/ST/STM32CubeIDE_1.19.0/STM32CubeIDE/plugins/com.st.stm32cube.ide.mcu.externaltools.gnu-tools-for-stm32.13.3.rel1.win32_1.0.0.202411081344/tools/bin/../lib/gcc/arm-none-eabi/13.3.1/../../../../arm-none-eabi/lib/thumb/v7-m/nofp\libc_nano.a(libc_a-nano-svfprintf.o)
                0x0800eda2                __ssputs_r
 .text._svfprintf_r
                0x0800ee58      0x1f8 C:/ST/STM32CubeIDE_1.19.0/STM32CubeIDE/plugins/com.st.stm32cube.ide.mcu.externaltools.gnu-tools-for-stm32.13.3.rel1.win32_1.0.0.202411081344/tools/bin/../lib/gcc/arm-none-eabi/13.3.1/../../../../arm-none-eabi/lib/thumb/v7-m/nofp\libc_nano.a(libc_a-nano-svfprintf.o)
                0x0800ee58                _svfiprintf_r
                0x0800ee58                _svfprintf_r
 .text.__sflush_r
                0x0800f050      0x100 C:/ST/STM32CubeIDE_1.19.0/STM32CubeIDE/plugins/com.st.stm32cube.ide.mcu.externaltools.gnu-tools-for-stm32.13.3.rel1.win32_1.0.0.202411081344/tools/bin/../lib/gcc/arm-none-eabi/13.3.1/../../../../arm-none-eabi/lib/thumb/v7-m/nofp\libc_nano.a(libc_a-fflush.o)
                0x0800f050                __sflush_r
 .text._fflush_r
                0x0800f150       0x50 C:/ST/STM32CubeIDE_1.19.0/STM32CubeIDE/plugins/com.st.stm32cube.ide.mcu.externaltools.gnu-tools-for-stm32.13.3.rel1.win32_1.0.0.202411081344/tools/bin/../lib/gcc/arm-none-eabi/13.3.1/../../../../arm-none-eabi/lib/thumb/v7-m/nofp\libc_nano.a(libc_a-fflush.o)
                0x0800f150                _fflush_r
 .text.memmove  0x0800f1a0       0x34 C:/ST/STM32CubeIDE_1.19.0/STM32CubeIDE/plugins/com.st.stm32cube.ide.mcu.externaltools.gnu-tools-for-stm32.13.3.rel1.win32_1.0.0.202411081344/tools/bin/../lib/gcc/arm-none-eabi/13.3.1/../../../../arm-none-eabi/lib/thumb/v7-m/nofp\libc_nano.a(libc_a-memmove.o)
                0x0800f1a0                memmove
 .text.__assert_func
                0x0800f1d4       0x3c C:/ST/STM32CubeIDE_1.19.0/STM32CubeIDE/plugins/com.st.stm32cube.ide.mcu.externaltools.gnu-tools-for-stm32.13.3.rel1.win32_1.0.0.202411081344/tools/bin/../lib/gcc/arm-none-eabi/13.3.1/../../../../arm-none-eabi/lib/thumb/v7-m/nofp\libc_nano.a(libc_a-assert.o)
                0x0800f1d4                __assert_func
 .text._calloc_r
                0x0800f210       0x28 C:/ST/STM32CubeIDE_1.19.0/STM32CubeIDE/plugins/com.st.stm32cube.ide.mcu.externaltools.gnu-tools-for-stm32.13.3.rel1.win32_1.0.0.202411081344/tools/bin/../lib/gcc/arm-none-eabi/13.3.1/../../../../arm-none-eabi/lib/thumb/v7-m/nofp\libc_nano.a(libc_a-callocr.o)
                0x0800f210                _calloc_r
 .text.fprintf  0x0800f238       0x24 C:/ST/STM32CubeIDE_1.19.0/STM32CubeIDE/plugins/com.st.stm32cube.ide.mcu.externaltools.gnu-tools-for-stm32.13.3.rel1.win32_1.0.0.202411081344/tools/bin/../lib/gcc/arm-none-eabi/13.3.1/../../../../arm-none-eabi/lib/thumb/v7-m/nofp\libc_nano.a(libc_a-fprintf.o)
                0x0800f238                fiprintf
                0x0800f238                fprintf
 .text.abort    0x0800f25c        0xe C:/ST/STM32CubeIDE_1.19.0/STM32CubeIDE/plugins/com.st.stm32cube.ide.mcu.externaltools.gnu-tools-for-stm32.13.3.rel1.win32_1.0.0.202411081344/tools/bin/../lib/gcc/arm-none-eabi/13.3.1/../../../../arm-none-eabi/lib/thumb/v7-m/nofp\libc_nano.a(libc_a-abort.o)
                0x0800f25c                abort
 .text.__sfputc_r
                0x0800f26a       0x2a C:/ST/STM32CubeIDE_1.19.0/STM32CubeIDE/plugins/com.st.stm32cube.ide.mcu.externaltools.gnu-tools-for-stm32.13.3.rel1.win32_1.0.0.202411081344/tools/bin/../lib/gcc/arm-none-eabi/13.3.1/../../../../arm-none-eabi/lib/thumb/v7-m/nofp\libc_nano.a(libc_a-nano-vfprintf.o)
 .text.__sfputs_r
                0x0800f294       0x24 C:/ST/STM32CubeIDE_1.19.0/STM32CubeIDE/plugins/com.st.stm32cube.ide.mcu.externaltools.gnu-tools-for-stm32.13.3.rel1.win32_1.0.0.202411081344/tools/bin/../lib/gcc/arm-none-eabi/13.3.1/../../../../arm-none-eabi/lib/thumb/v7-m/nofp\libc_nano.a(libc_a-nano-vfprintf.o)
                0x0800f294                __sfputs_r
 .text._vfprintf_r
                0x0800f2b8      0x230 C:/ST/STM32CubeIDE_1.19.0/STM32CubeIDE/plugins/com.st.stm32cube.ide.mcu.externaltools.gnu-tools-for-stm32.13.3.rel1.win32_1.0.0.202411081344/tools/bin/../lib/gcc/arm-none-eabi/13.3.1/../../../../arm-none-eabi/lib/thumb/v7-m/nofp\libc_nano.a(libc_a-nano-vfprintf.o)
                0x0800f2b8                _vfprintf_r
                0x0800f2b8                _vfiprintf_r
 .text.__swbuf_r