../Core/Src/freertos.c:180:6:MX_FREERTOS_Init	8	static
../Core/Src/freertos.c:206:6:StartDefaultTask	16	static
../Core/Src/freertos.c:240:6:StartServerTask	96	static
../Core/Src/freertos.c:284:6:StartCmdHandlingTask	264	static
../Core/Src/freertos.c:355:6:StartProcessingTask	80	static
../Core/Src/freertos.c:457:6:StartShutdownTask	24	static
../Core/Src/freertos.c:494:6:vApplicationStackOverflowHook	16	static
../Core/Src/freertos.c:500:13:fn	256	static
../Core/Src/freertos.c:534:6:mg_random	24	static
../Core/Src/freertos.c:550:6:HAL_TIM_PeriodElapsedCallback	24	static
../Core/Src/freertos.c:585:6:HAL_SPI_TxRxCpltCallback	16	static
../Core/Src/freertos.c:603:6:add_datafile_header	24	static
