../Core/Src/freertos.c:186:6:MX_FREERTOS_Init	8	static
../Core/Src/freertos.c:216:6:StartDefaultTask	16	static
../Core/Src/freertos.c:251:6:StartServerTask	112	static
../Core/Src/freertos.c:318:6:StartCmdHandlingTask	272	static
../Core/Src/freertos.c:391:6:StartProcessingTask	80	static
../Core/Src/freertos.c:491:6:StartShutdownTask	24	static
../Core/Src/freertos.c:531:6:vApplicationStackOverflowHook	16	static
../Core/Src/freertos.c:537:13:fn	256	static
../Core/Src/freertos.c:571:6:mg_random	24	static
../Core/Src/freertos.c:587:6:HAL_TIM_PeriodElapsedCallback	24	static
../Core/Src/freertos.c:622:6:HAL_SPI_TxRxCpltCallback	16	static
../Core/Src/freertos.c:640:13:ignition_timer_Callback	16	static
../Core/Src/freertos.c:649:6:add_datafile_header	24	static
