../Core/Src/utils.c:14:12:jsoneq	24	static
../Core/Src/utils.c:22:5:parse_config	200	static
../Core/Src/utils.c:234:5:parse_command	1128	static
../Core/Src/utils.c:339:5:read_file	40	static
../Core/Src/utils.c:374:5:create_file	24	static
../Core/Src/utils.c:387:5:open_file	24	static
../Core/Src/utils.c:398:5:append_file	32	static
../Core/Src/utils.c:409:5:mount_sd	24	static
../Core/Src/utils.c:420:5:close_file	16	static
../Core/Src/utils.c:423:7:get_sensorval	24	static
../Core/Src/utils.c:431:10:get_mcp3208_adcval	40	static
../Core/Src/utils.c:450:5:gen_rtc_start_params	64	static
../Core/Src/utils.c:472:5:gen_filename	128	static
../Core/Src/utils.c:520:5:get_timestamp	80	static
../Core/Src/utils.c:540:6:filter_and_decimate	16	static
../Core/Src/utils.c:544:6:ignition_sequence	8	static
