../Core/Src/utils.c:16:12:jsoneq	24	static
../Core/Src/utils.c:24:5:parse_config	208	static
../Core/Src/utils.c:239:5:parse_command	1128	static
../Core/Src/utils.c:344:5:read_file	40	static
../Core/Src/utils.c:379:5:create_file	24	static
../Core/Src/utils.c:392:5:open_file	24	static
../Core/Src/utils.c:403:5:append_file	32	static
../Core/Src/utils.c:414:5:mount_sd	24	static
../Core/Src/utils.c:425:5:close_file	16	static
../Core/Src/utils.c:428:7:get_sensorval	24	static
../Core/Src/utils.c:436:10:get_mcp3208_adcval	40	static
../Core/Src/utils.c:455:5:gen_rtc_start_params	64	static
../Core/Src/utils.c:477:5:gen_filename	128	static
../Core/Src/utils.c:525:5:get_timestamp	80	static
../Core/Src/utils.c:543:6:filter_and_decimate	16	static
../Core/Src/utils.c:547:6:ignition_sequence	8	static
