../Core/Inc/mongoose.h:303:20:mg_free	16	static
../Core/Inc/mongoose.h:308:21:mg_calloc	24	static
../Core/Src/mongoose.c:27:12:mg_base64_encode_single	16	static
../Core/Src/mongoose.c:39:12:mg_base64_decode_single	16	static
../Core/Src/mongoose.c:57:8:mg_base64_update	32	static
../Core/Src/mongoose.c:73:8:mg_base64_final	24	static
../Core/Src/mongoose.c:84:8:mg_base64_encode	32	static
../Core/Src/mongoose.c:93:8:mg_base64_decode	48	static
../Core/Src/mongoose.c:140:13:mg_dns_free	24	static
../Core/Src/mongoose.c:145:6:mg_resolve_cancel	32	static
../Core/Src/mongoose.c:154:15:mg_dns_parse_name_depth	56	static
../Core/Src/mongoose.c:191:15:mg_dns_parse_name	40	static
../Core/Src/mongoose.c:196:8:mg_dns_parse_rr	40	static
../Core/Src/mongoose.c:220:6:mg_dns_parse	64	static
../Core/Src/mongoose.c:273:13:dns_cb	352	static
../Core/Src/mongoose.c:329:13:mg_dns_send	312	static
../Core/Src/mongoose.c:357:6:mg_dnsc_init	16	static
../Core/Src/mongoose.c:370:13:mg_sendnsreq	56	static
../Core/Src/mongoose.c:393:6:mg_resolve	40	static
../Core/Src/mongoose.c:413:17:build_name	16	static
../Core/Src/mongoose.c:422:17:build_a_record	16	static
../Core/Src/mongoose.c:432:17:build_srv_name	16	static
../Core/Src/mongoose.c:452:17:build_ptr_record	32	static
../Core/Src/mongoose.c:466:17:build_srv_record	32	static
../Core/Src/mongoose.c:486:17:build_txt_record	24	static
../Core/Src/mongoose.c:498:13:handle_mdns_record	704	static
../Core/Src/mongoose.c:634:13:mdns_cb	24	static
../Core/Src/mongoose.c:643:23:mg_mdns_listen	32	static
../Core/Src/mongoose.c:662:6:mg_call	24	static
../Core/Src/mongoose.c:679:6:mg_error	92	static
../Core/Src/mongoose.c:770:13:is_digit	16	static
../Core/Src/mongoose.c:774:12:addexp	32	static
../Core/Src/mongoose.c:786:12:xisinf	24	static
../Core/Src/mongoose.c:796:12:xisnan	24	static
../Core/Src/mongoose.c:807:15:mg_dtoa	136	static
../Core/Src/mongoose.c:876:15:mg_lld	64	static
../Core/Src/mongoose.c:898:15:scpy	32	static
../Core/Src/mongoose.c:905:8:mg_xprintf	24	static
../Core/Src/mongoose.c:914:8:mg_vxprintf	176	static
../Core/Src/mongoose.c:1010:15:mg_fs_open	32	static
../Core/Src/mongoose.c:1023:6:mg_fs_close	16	static
../Core/Src/mongoose.c:1030:15:mg_file_read	40	static
../Core/Src/mongoose.c:1047:6:mg_file_write	1072	static
../Core/Src/mongoose.c:1066:6:mg_file_printf	32	static
../Core/Src/mongoose.c:1083:13:mg_fs_ls_fn	24	static
../Core/Src/mongoose.c:1092:6:mg_fs_ls	32	static
../Core/Src/mongoose.c:1259:15:mg_unpacked	24	static
../Core/Src/mongoose.c:1265:12:is_dir_prefix	24	static
../Core/Src/mongoose.c:1271:12:packed_stat	40	static
../Core/Src/mongoose.c:1282:13:packed_list	2104	static
../Core/Src/mongoose.c:1303:14:packed_open	32	static
../Core/Src/mongoose.c:1316:13:packed_close	16	static
../Core/Src/mongoose.c:1320:15:packed_read	32	static
../Core/Src/mongoose.c:1328:15:packed_write	24	static
../Core/Src/mongoose.c:1333:15:packed_seek	24	static
../Core/Src/mongoose.c:1340:13:packed_rename	16	static
../Core/Src/mongoose.c:1345:13:packed_remove	16	static
../Core/Src/mongoose.c:1350:13:packed_mkdir	16	static
../Core/Src/mongoose.c:1581:12:p_stat	24	static
../Core/Src/mongoose.c:1585:13:p_list	24	static
../Core/Src/mongoose.c:1589:14:p_open	16	static
../Core/Src/mongoose.c:1593:13:p_close	16	static
../Core/Src/mongoose.c:1596:15:p_read	24	static
../Core/Src/mongoose.c:1600:15:p_write	24	static
../Core/Src/mongoose.c:1604:15:p_seek	16	static
../Core/Src/mongoose.c:1608:13:p_rename	16	static
../Core/Src/mongoose.c:1612:13:p_remove	16	static
../Core/Src/mongoose.c:1616:13:p_mkdir	16	static
../Core/Src/mongoose.c:1641:12:mg_ncasecmp	40	static
../Core/Src/mongoose.c:1653:6:mg_to_size_t	48	static
../Core/Src/mongoose.c:1687:8:mg_http_next_multipart	112	static
../Core/Src/mongoose.c:1727:6:mg_http_bauth	56	static
../Core/Src/mongoose.c:1753:15:mg_http_var	64	static
../Core/Src/mongoose.c:1765:5:mg_http_get_var	56	static
../Core/Src/mongoose.c:1787:13:isx	16	static
../Core/Src/mongoose.c:1792:5:mg_url_decode	48	static
../Core/Src/mongoose.c:1814:13:isok	16	static
../Core/Src/mongoose.c:1818:5:mg_http_get_request_len	24	static
../Core/Src/mongoose.c:1828:16:mg_http_get_header	40	static
../Core/Src/mongoose.c:1838:13:vcb	16	static
../Core/Src/mongoose.c:1843:15:clen	32	static
../Core/Src/mongoose.c:1855:20:skiptorn	24	static
../Core/Src/mongoose.c:1864:13:mg_http_parse_headers	48	static
../Core/Src/mongoose.c:1888:5:mg_http_parse	80	static
../Core/Src/mongoose.c:1973:13:mg_http_vprintf_chunk	32	static
../Core/Src/mongoose.c:1986:6:mg_http_printf_chunk	28	static
../Core/Src/mongoose.c:1993:6:mg_http_write_chunk	24	static
../Core/Src/mongoose.c:2000:20:mg_http_status_code_str	16	static
../Core/Src/mongoose.c:2070:6:mg_http_reply	52	static
../Core/Src/mongoose.c:2089:13:restore_http_cb	16	static
../Core/Src/mongoose.c:2097:7:mg_http_etag	48	static
../Core/Src/mongoose.c:2102:13:static_cb	48	static
../Core/Src/mongoose.c:2162:22:guess_content_type	88	static
../Core/Src/mongoose.c:2186:12:getrange	56	static
../Core/Src/mongoose.c:2202:6:mg_http_serve_file	1424	static
../Core/Src/mongoose.c:2409:12:uri_to_path2	72	static
../Core/Src/mongoose.c:2469:12:uri_to_path	120	static
../Core/Src/mongoose.c:2484:6:mg_http_serve_dir	1088	static
../Core/Src/mongoose.c:2504:13:mg_is_url_safe	16	static
../Core/Src/mongoose.c:2509:8:mg_url_encode	48	static
../Core/Src/mongoose.c:2526:6:mg_http_creds	328	static
../Core/Src/mongoose.c:2548:22:stripquotes	24	static
../Core/Src/mongoose.c:2554:15:mg_http_get_header_var	56	static
../Core/Src/mongoose.c:2571:6:mg_http_upload	2136	static
../Core/Src/mongoose.c:2615:5:mg_http_status	16	static
../Core/Src/mongoose.c:2619:13:is_hex_digit	16	static
../Core/Src/mongoose.c:2624:12:skip_chunk	48	static
../Core/Src/mongoose.c:2640:13:http_cb	656	static
../Core/Src/mongoose.c:2748:23:mg_http_connect	32	static
../Core/Src/mongoose.c:2753:23:mg_http_listen	32	static
../Core/Src/mongoose.c:2768:15:roundup	16	static
../Core/Src/mongoose.c:2772:6:mg_iobuf_resize	56	static
../Core/Src/mongoose.c:2799:6:mg_iobuf_init	24	static
../Core/Src/mongoose.c:2806:8:mg_iobuf_add	32	static
../Core/Src/mongoose.c:2818:8:mg_iobuf_del	24	static
../Core/Src/mongoose.c:2827:6:mg_iobuf_free	16	static
../Core/Src/mongoose.c:2839:20:escapeseq	16	static
../Core/Src/mongoose.c:2843:13:json_esc	32	static
../Core/Src/mongoose.c:2851:12:mg_pass_string	24	static
../Core/Src/mongoose.c:2865:15:mg_atod	72	static
../Core/Src/mongoose.c:2912:8:mg_json_next	64	static
../Core/Src/mongoose.c:2960:5:mg_json_get	120	static
../Core/Src/mongoose.c:3103:15:mg_json_get_tok	32	static
../Core/Src/mongoose.c:3109:6:mg_json_get_num	48	static
../Core/Src/mongoose.c:3119:6:mg_json_get_bool	40	static
../Core/Src/mongoose.c:3128:6:mg_json_unescape	64	static
../Core/Src/mongoose.c:3153:7:mg_json_get_str	48	static
../Core/Src/mongoose.c:3167:7:mg_json_get_b64	48	static
../Core/Src/mongoose.c:3179:7:mg_json_get_hex	64	static
../Core/Src/mongoose.c:3195:6:mg_json_get_long	48	static
../Core/Src/mongoose.c:3633:6:mg_log_set_fn	16	static
../Core/Src/mongoose.c:3638:13:logc	16	static
../Core/Src/mongoose.c:3642:13:logs	24	static
../Core/Src/mongoose.c:3650:6:mg_log_prefix	112	static
../Core/Src/mongoose.c:3662:6:mg_log	16	static
../Core/Src/mongoose.c:3671:22:nibble	16	static
../Core/Src/mongoose.c:3676:6:mg_hexdump	48	static
../Core/Src/mongoose.c:3720:13:mg_byte_reverse	24	static
../Core/Src/mongoose.c:3745:6:mg_md5_init	16	static
../Core/Src/mongoose.c:3755:13:mg_md5_transform	32	static
../Core/Src/mongoose.c:3837:6:mg_md5_update	32	static
../Core/Src/mongoose.c:3872:6:mg_md5_final	32	static
../Core/Src/mongoose.c:3954:13:mqtt_send_header	40	static
../Core/Src/mongoose.c:3967:6:mg_mqtt_send_header	24	static
../Core/Src/mongoose.c:3972:13:mg_send_u16	16	static
../Core/Src/mongoose.c:3976:13:mg_send_u32	16	static
../Core/Src/mongoose.c:3980:16:varint_size	24	static
../Core/Src/mongoose.c:3989:15:encode_varint	24	static
../Core/Src/mongoose.c:4002:15:decode_varint	40	static
../Core/Src/mongoose.c:4017:12:mqtt_prop_type_by_id	24	static
../Core/Src/mongoose.c:4027:15:get_properties_length	24	static
../Core/Src/mongoose.c:4057:15:get_props_size	24	static
../Core/Src/mongoose.c:4063:13:mg_send_mqtt_properties	48	static
../Core/Src/mongoose.c:4109:8:mg_mqtt_next_prop	40	static
../Core/Src/mongoose.c:4162:6:mg_mqtt_login	64	static
../Core/Src/mongoose.c:4236:10:mg_mqtt_pub	48	static
../Core/Src/mongoose.c:4273:13:mg_mqtt_sub_unsub	40	static
../Core/Src/mongoose.c:4296:6:mg_mqtt_sub	16	static
../Core/Src/mongoose.c:4300:6:mg_mqtt_unsub	16	static
../Core/Src/mongoose.c:4304:5:mg_mqtt_parse	48	static
../Core/Src/mongoose.c:4374:13:mqtt_cb	120	static
../Core/Src/mongoose.c:4453:6:mg_mqtt_ping	16	static
../Core/Src/mongoose.c:4457:6:mg_mqtt_pong	16	static
../Core/Src/mongoose.c:4461:6:mg_mqtt_disconnect	24	static
../Core/Src/mongoose.c:4478:23:mg_mqtt_connect	104	static
../Core/Src/mongoose.c:4491:23:mg_mqtt_listen	32	static
../Core/Src/mongoose.c:4510:8:mg_vprintf	40	static
../Core/Src/mongoose.c:4522:8:mg_printf	28	static
../Core/Src/mongoose.c:4531:13:mg_atonl	40	static
../Core/Src/mongoose.c:4539:13:mg_atone	24	static
../Core/Src/mongoose.c:4546:13:mg_aton4	40	static
../Core/Src/mongoose.c:4567:13:mg_v4mapped	40	static
../Core/Src/mongoose.c:4585:13:mg_aton6	72	static
../Core/Src/mongoose.c:4632:6:mg_aton	24	static
../Core/Src/mongoose.c:4638:23:mg_alloc_conn	24	static
../Core/Src/mongoose.c:4650:6:mg_close_conn	24	static
../Core/Src/mongoose.c:4670:23:mg_connect_svc	32	static
../Core/Src/mongoose.c:4695:23:mg_connect	32	static
../Core/Src/mongoose.c:4700:23:mg_listen	32	static
../Core/Src/mongoose.c:4723:23:mg_wrapfd	32	static
../Core/Src/mongoose.c:4737:18:mg_timer_add	48	static
../Core/Src/mongoose.c:4747:6:mg_io_recv	24	static
../Core/Src/mongoose.c:4755:6:mg_mgr_free	32	static
../Core/Src/mongoose.c:4775:6:mg_mgr_init	16	static
../Core/Src/mongoose.c:4813:6:mg_multicast_restore	16	static
../Core/Src/mongoose.c:7089:6:mg_ota_begin	16	static
../Core/Src/mongoose.c:7093:6:mg_ota_write	16	static
../Core/Src/mongoose.c:7097:6:mg_ota_end	4	static
../Core/Src/mongoose.c:9132:8:mg_queue_printf	36	static
../Core/Src/mongoose.c:9148:13:mg_pfn_iobuf_private	24	static
../Core/Src/mongoose.c:9159:13:mg_putchar_iobuf_static	16	static
../Core/Src/mongoose.c:9163:6:mg_pfn_iobuf	16	static
../Core/Src/mongoose.c:9167:8:mg_vsnprintf	48	static
../Core/Src/mongoose.c:9176:8:mg_snprintf	24	static
../Core/Src/mongoose.c:9185:7:mg_vmprintf	32	static
../Core/Src/mongoose.c:9191:7:mg_mprintf	16	static
../Core/Src/mongoose.c:9200:6:mg_pfn_stdout	16	static
../Core/Src/mongoose.c:9205:15:print_ip4	40	static
../Core/Src/mongoose.c:9209:15:print_ip6	80	static
../Core/Src/mongoose.c:9216:8:mg_print_ip4	32	static
../Core/Src/mongoose.c:9221:8:mg_print_ip6	32	static
../Core/Src/mongoose.c:9226:8:mg_print_ip	32	static
../Core/Src/mongoose.c:9232:8:mg_print_ip_port	40	static
../Core/Src/mongoose.c:9237:15:print_mac	56	static
../Core/Src/mongoose.c:9242:8:mg_print_mac	32	static
../Core/Src/mongoose.c:9258:13:mg_esc	32	static
../Core/Src/mongoose.c:9266:13:mg_escape	16	static
../Core/Src/mongoose.c:9270:15:qcpy	40	static
../Core/Src/mongoose.c:9284:15:bcpy	48	static
../Core/Src/mongoose.c:9302:8:mg_print_hex	40	static
../Core/Src/mongoose.c:9313:8:mg_print_base64	32	static
../Core/Src/mongoose.c:9319:8:mg_print_esc	32	static
../Core/Src/mongoose.c:9355:6:mg_queue_init	24	static
../Core/Src/mongoose.c:9361:15:mg_queue_read_len	24	static
../Core/Src/mongoose.c:9369:13:mg_queue_write_len	24	static
../Core/Src/mongoose.c:9375:8:mg_queue_book	32	static
../Core/Src/mongoose.c:9388:8:mg_queue_next	24	static
../Core/Src/mongoose.c:9402:6:mg_queue_add	16	static
../Core/Src/mongoose.c:9409:6:mg_queue_del	16	static
../Core/Src/mongoose.c:9421:6:mg_rpc_add	48	static
../Core/Src/mongoose.c:9432:6:mg_rpc_del	24	static
../Core/Src/mongoose.c:9445:13:mg_rpc_call	40	static
../Core/Src/mongoose.c:9456:6:mg_rpc_process	48	static
../Core/Src/mongoose.c:9470:6:mg_rpc_vok	72	static
../Core/Src/mongoose.c:9480:6:mg_rpc_ok	28	static
../Core/Src/mongoose.c:9487:6:mg_rpc_verr	80	static
../Core/Src/mongoose.c:9500:6:mg_rpc_err	24	static
../Core/Src/mongoose.c:9507:15:print_methods	56	static
../Core/Src/mongoose.c:9518:6:mg_rpc_list	16	static
../Core/Src/mongoose.c:9537:17:blk0	16	static
../Core/Src/mongoose.c:9574:13:mg_sha1_transform	112	static
../Core/Src/mongoose.c:9681:6:mg_sha1_init	16	static
../Core/Src/mongoose.c:9690:6:mg_sha1_update	32	static
../Core/Src/mongoose.c:9710:6:mg_sha1_final	32	static
../Core/Src/mongoose.c:9766:6:mg_sha256_init	16	static
../Core/Src/mongoose.c:9779:13:mg_sha256_chunk	320	static
../Core/Src/mongoose.c:9823:6:mg_sha256_update	40	static
../Core/Src/mongoose.c:9837:6:mg_sha256_final	40	static
../Core/Src/mongoose.c:9876:6:mg_sha256	136	static
../Core/Src/mongoose.c:9883:6:mg_hmac_sha256	344	static
../Core/Src/mongoose.c:9978:13:mg_sha384_transform	1224	static
../Core/Src/mongoose.c:10023:6:mg_sha384_init	16	static
../Core/Src/mongoose.c:10048:6:mg_sha384_update	48	static
../Core/Src/mongoose.c:10062:6:mg_sha384_final	56	static
../Core/Src/mongoose.c:10107:6:mg_sha384	240	static
../Core/Src/mongoose.c:10128:10:mg_now	16	static
../Core/Src/mongoose.c:10132:16:gettimestamp	56	static
../Core/Src/mongoose.c:10138:9:mg_sntp_parse	120	static
../Core/Src/mongoose.c:10163:13:sntp_cb	56	static
../Core/Src/mongoose.c:10185:6:mg_sntp_request	96	static
../Core/Src/mongoose.c:10200:23:mg_sntp_connect	32	static
../Core/Src/mongoose.c:10263:18:tousa	24	static
../Core/Src/mongoose.c:10281:13:tomgaddr	24	static
../Core/Src/mongoose.c:10294:13:setlocaddr	40	static
../Core/Src/mongoose.c:10302:13:iolog	48	static
../Core/Src/mongoose.c:10327:6:mg_io_send	56	static
../Core/Src/mongoose.c:10344:6:mg_send	56	static
../Core/Src/mongoose.c:10358:13:mg_set_non_blocking_mode	16	static
../Core/Src/mongoose.c:10392:6:mg_multicast_add	16	static
../Core/Src/mongoose.c:10415:6:mg_open_listener	72	static
../Core/Src/mongoose.c:10477:13:recv_raw	56	static
../Core/Src/mongoose.c:10494:13:ioalloc	24	static
../Core/Src/mongoose.c:10509:13:read_conn	56	static
../Core/Src/mongoose.c:10548:13:write_conn	72	static
../Core/Src/mongoose.c:10559:13:close_conn	16	static
../Core/Src/mongoose.c:10572:13:connect_conn	40	static
../Core/Src/mongoose.c:10588:13:setsockopts	32	static
../Core/Src/mongoose.c:10605:6:mg_connect_resolved	64	static
../Core/Src/mongoose.c:10645:23:raccept	32	static
../Core/Src/mongoose.c:10655:13:accept_conn	72	static
../Core/Src/mongoose.c:10700:13:can_read	16	static
../Core/Src/mongoose.c:10704:13:can_write	16	static
../Core/Src/mongoose.c:10708:13:skip_iotest	16	static
../Core/Src/mongoose.c:10713:13:mg_iotest	152	static
../Core/Src/mongoose.c:10851:13:mg_socketpair	32	static
../Core/Src/mongoose.c:10880:13:wufn	40	static
../Core/Src/mongoose.c:10903:6:mg_wakeup_init	64	static
../Core/Src/mongoose.c:10925:6:mg_wakeup	32	dynamic
../Core/Src/mongoose.c:10937:6:mg_mgr_poll	120	static
../Core/Src/mongoose.c:11085:6:mg_http_serve_ssi	24	static
../Core/Src/mongoose.c:11098:15:mg_str_s	24	static
../Core/Src/mongoose.c:11104:15:mg_str_n	32	static
../Core/Src/mongoose.c:11110:12:mg_tolc	16	static
../Core/Src/mongoose.c:11114:5:mg_casecmp	32	static
../Core/Src/mongoose.c:11123:15:mg_strdup	40	static
../Core/Src/mongoose.c:11137:5:mg_strcmp	40	static
../Core/Src/mongoose.c:11151:5:mg_strcasecmp	48	static
../Core/Src/mongoose.c:11165:6:mg_match	40	static
../Core/Src/mongoose.c:11199:6:mg_span	48	static
../Core/Src/mongoose.c:11212:6:mg_str_to_num	184	static
../Core/Src/mongoose.c:11289:6:mg_timer_init	24	static
../Core/Src/mongoose.c:11296:6:mg_timer_free	16	static
../Core/Src/mongoose.c:11302:6:mg_timer_expired	56	static
../Core/Src/mongoose.c:11310:6:mg_timer_poll	56	static
../Core/Src/mongoose.c:15665:6:mg_tls_init	16	static
../Core/Src/mongoose.c:15669:6:mg_tls_handshake	16	static
../Core/Src/mongoose.c:15672:6:mg_tls_free	16	static
../Core/Src/mongoose.c:15675:6:mg_tls_recv	24	static
../Core/Src/mongoose.c:15678:6:mg_tls_send	24	static
../Core/Src/mongoose.c:15681:8:mg_tls_pending	16	static
../Core/Src/mongoose.c:15685:6:mg_tls_flush	16	static
../Core/Src/mongoose.c:15688:6:mg_tls_ctx_init	16	static
../Core/Src/mongoose.c:15691:6:mg_tls_ctx_free	16	static
../Core/Src/mongoose.c:21373:5:mg_url_is_ssl	16	static
../Core/Src/mongoose.c:21379:19:urlparse	56	static
../Core/Src/mongoose.c:21407:15:mg_url_host	56	static
../Core/Src/mongoose.c:21416:13:mg_url_uri	48	static
../Core/Src/mongoose.c:21421:16:mg_url_port	48	static
../Core/Src/mongoose.c:21433:15:mg_url_user	64	static
../Core/Src/mongoose.c:21443:15:mg_url_pass	64	static
../Core/Src/mongoose.c:21461:6:mg_bzero	16	static
../Core/Src/mongoose.c:21534:7:mg_random_str	24	static
../Core/Src/mongoose.c:21547:10:mg_crc32	32	static
../Core/Src/mongoose.c:21562:12:isbyte	16	static
../Core/Src/mongoose.c:21566:12:parse_net	72	static
../Core/Src/mongoose.c:21580:5:mg_check_ip_acl	56	static
../Core/Src/mongoose.c:21598:6:mg_path_is_sane	24	static
../Core/Src/mongoose.c:21613:10:mg_millis	16	static
../Core/Src/mongoose.c:21663:10:mg_ntohs	16	static
../Core/Src/mongoose.c:21667:10:mg_ntohl	16	static
../Core/Src/mongoose.c:21671:10:mg_ntohll	144	static
../Core/Src/mongoose.c:21675:6:mg_delayms	48	static
../Core/Src/mongoose.c:21702:6:mg_wifi_scan	8	static
../Core/Src/mongoose.c:21707:6:mg_wifi_connect	16	static
../Core/Src/mongoose.c:21712:6:mg_wifi_disconnect	8	static
../Core/Src/mongoose.c:21716:6:mg_wifi_ap_start	16	static
../Core/Src/mongoose.c:21721:6:mg_wifi_ap_stop	8	static
../Core/Src/mongoose.c:21747:8:mg_ws_vprintf	32	static
../Core/Src/mongoose.c:21755:8:mg_ws_printf	24	static
../Core/Src/mongoose.c:21764:13:ws_handshake	176	static
../Core/Src/mongoose.c:21790:17:be32	16	static
../Core/Src/mongoose.c:21795:15:ws_process	56	static
../Core/Src/mongoose.c:21825:15:mkhdr	48	static
../Core/Src/mongoose.c:21853:13:mg_ws_mask	32	static
../Core/Src/mongoose.c:21861:8:mg_ws_send	48	static
../Core/Src/mongoose.c:21872:13:mg_ws_client_handshake	560	static
../Core/Src/mongoose.c:21895:13:mg_ws_cb	72	static
../Core/Src/mongoose.c:21968:23:mg_ws_connect	112	static
../Core/Src/mongoose.c:21998:6:mg_ws_upgrade	40	static
../Core/Src/mongoose.c:22018:8:mg_ws_wrap	48	static
../Core/Src/mongoose.c:23942:20:mg_phy_id_to_str	16	static
../Core/Src/mongoose.c:23975:6:mg_phy_init	32	static
../Core/Src/mongoose.c:24028:6:mg_phy_up	48	static
