../Core/Src/utils.c:14:5:parse_config	200	static
../Core/Src/utils.c:254:5:parse_command	56	static
../Core/Src/utils.c:343:5:read_file	40	static
../Core/Src/utils.c:378:5:create_file	24	static
../Core/Src/utils.c:391:5:open_file	24	static
../Core/Src/utils.c:402:5:append_file	32	static
../Core/Src/utils.c:416:5:mount_sd	24	static
../Core/Src/utils.c:427:5:close_file	16	static
../Core/Src/utils.c:430:7:get_sensorval	32	static
../Core/Src/utils.c:436:10:get_mcp3208_adcval	48	static
../Core/Src/utils.c:455:6:filter_and_decimate	16	static
../Core/Src/utils.c:459:6:ignition_sequence	8	static
