../LWIP/Target/ethernetif.c:92:6:HAL_ETH_MspInit	64	static
../LWIP/Target/ethernetif.c:148:6:HAL_ETH_MspDeInit	16	static
../LWIP/Target/ethernetif.c:191:6:HAL_ETH_RxCpltCallback	16	static
../LWIP/Target/ethernetif.c:210:13:low_level_init	72	static
../LWIP/Target/ethernetif.c:333:14:low_level_output	48	static
../LWIP/Target/ethernetif.c:419:22:low_level_input	56	static
../LWIP/Target/ethernetif.c:508:6:ethernetif_input	24	static
../LWIP/Target/ethernetif.c:567:7:ethernetif_init	16	static
../LWIP/Target/ethernetif.c:614:7:sys_jiffies	8	static
../LWIP/Target/ethernetif.c:625:7:sys_now	8	static
../LWIP/Target/ethernetif.c:637:6:ethernetif_set_link	24	static
../LWIP/Target/ethernetif.c:678:6:ethernetif_update_config	24	static
../LWIP/Target/ethernetif.c:766:13:ethernetif_notify_conn_changed	16	static
../LWIP/Target/ethernetif.c:777:6:ETH_DumpDMAState	16	static
